2026-09-07 01:33:08 [INFO] Starting read-only 10-bit inspection; source=E:\torrents\final_organized
2026-09-07 01:33:08 [INFO] ===============================================================================
2026-09-07 01:33:08 [INFO] HANDBRAKE BIT-DEPTH INSPECTOR
2026-09-07 01:33:08 [INFO] ===============================================================================
2026-09-07 01:33:08 [INFO] Library   : E:\torrents\final_organized
2026-09-07 01:33:08 [INFO] Workers   : 8
2026-09-07 01:33:08 [INFO] Min size  : 0 MB
2026-09-07 01:33:08 [INFO] ffprobe   : C:\Users\bensm\AppData\Local\Microsoft\WinGet\Links\ffprobe.EXE
2026-09-07 01:33:08 [INFO] Log       : E:\torrents\tools\ReportsAndLogs\10bit\10bit.log
2026-09-07 01:33:08 [INFO] Report    : E:\torrents\tools\ReportsAndLogs\10bit\10bit_report.txt
2026-09-07 01:33:08 [INFO] 
2026-09-07 01:33:08 [INFO] Found 381 canonical MKV movie file(s).
2026-09-07 01:33:08 [INFO] Probe cache: E:\torrents\tools\ReportsAndLogs\state.db (0 entries loaded)
2026-09-07 01:33:08 [INFO] [1/381] SKIP-SDR  21 Jump Street (2012).mkv
2026-09-07 01:33:08 [INFO] [2/381] SKIP-SDR  2001 - A Space Odyssey (1968).mkv
2026-09-07 01:33:08 [INFO] [3/381] SKIP-SDR  13 Hours - The Secret Soldiers of Benghazi (2016).mkv
2026-09-07 01:33:08 [INFO] [4/381] SKIP-SDR  10 Cloverfield Lane (2016).mkv
2026-09-07 01:33:08 [INFO] [5/381] SKIP-SDR  1917 (2019).mkv
2026-09-07 01:33:08 [INFO] [6/381] SKIP-SDR  22 Jump Street (2014).mkv
2026-09-07 01:33:08 [INFO] [7/381] SKIP-SDR  10 Things I Hate About You (1999).mkv
2026-09-07 01:33:08 [INFO] [8/381] SKIP-SDR  12 Years a Slave (2013).mkv
2026-09-07 01:33:08 [INFO] [9/381] SKIP-SDR  A Beautiful Mind (2001).mkv
2026-09-07 01:33:08 [INFO] [10/381] SKIP-SDR  A Christmas Story (1983).mkv
2026-09-07 01:33:08 [INFO] [11/381] SKIP-SDR  300 (2006).mkv
2026-09-07 01:33:08 [INFO] [12/381] SKIP-SDR  500 Days of Summer (2009).mkv
2026-09-07 01:33:08 [INFO] [13/381] SKIP-SDR  9 (2009).mkv
2026-09-07 01:33:08 [INFO] [14/381] SKIP-SDR  8 Mile (2002).mkv
2026-09-07 01:33:08 [INFO] [15/381] SKIP-SDR  42 (2013).mkv
2026-09-07 01:33:08 [INFO] [16/381] SKIP-SDR  50 First Dates (2004).mkv
2026-09-07 01:33:08 [INFO] [17/381] SKIP-SDR  Air (2023).mkv
2026-09-07 01:33:08 [INFO] [18/381] SKIP-SDR  A I Artificial Intelligence (2001).mkv
2026-09-07 01:33:08 [INFO] [19/381] SKIP-SDR  Aladdin (1992).mkv
2026-09-07 01:33:08 [INFO] [20/381] SKIP-SDR  A Quiet Place Part II (2021).mkv
2026-09-07 01:33:08 [INFO] [21/381] SKIP-SDR  Accepted (2006).mkv
2026-09-07 01:33:08 [INFO] [22/381] KEEP-HDR  Alien (1979).mkv
2026-09-07 01:33:08 [INFO] [23/381] SKIP-SDR  About Time (2013).mkv
2026-09-07 01:33:08 [INFO] [24/381] SKIP-SDR  A Quiet Place (2018).mkv
2026-09-07 01:33:08 [INFO] [25/381] SKIP-SDR  American Pie (1999).mkv
2026-09-07 01:33:08 [INFO] [26/381] SKIP-SDR  Annihilation (2018).mkv
2026-09-07 01:33:08 [INFO] [27/381] SKIP-SDR  All Quiet on the Western Front (2022).mkv
2026-09-07 01:33:08 [INFO] [28/381] SKIP-SDR  Aliens (1986).mkv
2026-09-07 01:33:08 [INFO] [29/381] SKIP-SDR  American History X (1998).mkv
2026-09-07 01:33:08 [INFO] [30/381] SKIP-SDR  American Sniper (2014).mkv
2026-09-07 01:33:08 [INFO] [31/381] SKIP-SDR  Apollo 13 (1995).mkv
2026-09-07 01:33:08 [INFO] [32/381] SKIP-SDR  American Psycho (2000).mkv
2026-09-07 01:33:08 [INFO] [33/381] SKIP-SDR  Avengers Age of Ultron (2015).mkv
2026-09-07 01:33:08 [INFO] [34/381] SKIP-SDR  Avengers Infinity War (2018).mkv
2026-09-07 01:33:08 [INFO] [35/381] SKIP-SDR  Avengers Endgame (2019).mkv
2026-09-07 01:33:08 [INFO] [36/381] SKIP-SDR  Arrival (2016).mkv
2026-09-07 01:33:08 [INFO] [37/381] SKIP-SDR  Back to the Future (1985).mkv
2026-09-07 01:33:08 [INFO] [38/381] SKIP-SDR  Back to the Future Part II (1989).mkv
2026-09-07 01:33:08 [INFO] [39/381] SKIP-SDR  Avatar (2009).mkv
2026-09-07 01:33:08 [INFO] [40/381] SKIP-SDR  Back to the Future Part III (1990).mkv
2026-09-07 01:33:08 [INFO] [41/381] SKIP-SDR  Black Hawk Down (2001).mkv
2026-09-07 01:33:08 [INFO] [42/381] SKIP-SDR  Bee Movie (2007).mkv
2026-09-07 01:33:08 [INFO] [43/381] SKIP-SDR  Barbie (2023).mkv
2026-09-07 01:33:08 [INFO] [44/381] SKIP-SDR  Blade Runner 2049 (2017).mkv
2026-09-07 01:33:08 [INFO] [45/381] SKIP-SDR  Backrooms (2026).mkv
2026-09-07 01:33:08 [INFO] [46/381] SKIP-SDR  Black Panther (2018).mkv
2026-09-07 01:33:08 [INFO] [47/381] SKIP-SDR  Batman Begins (2005).mkv
2026-09-07 01:33:08 [INFO] [48/381] SKIP-SDR  Blade Runner (1982).mkv
2026-09-07 01:33:09 [INFO] [49/381] SKIP-SDR  Bugonia (2025).mkv
2026-09-07 01:33:09 [INFO] [50/381] SKIP-SDR  Borat (2006).mkv
2026-09-07 01:33:09 [INFO] [51/381] SKIP-SDR  Bohemian Rhapsody (2018).mkv
2026-09-07 01:33:09 [INFO] [52/381] SKIP-SDR  Boyhood (2014).mkv
2026-09-07 01:33:09 [INFO] [53/381] SKIP-SDR  Boyz N the Hood (1991).mkv
2026-09-07 01:33:09 [INFO] [54/381] SKIP-SDR  Captain America Civil War (2016).mkv
2026-09-07 01:33:09 [INFO] [55/381] SKIP-SDR  Braveheart (1995).mkv
2026-09-07 01:33:09 [INFO] [56/381] SKIP-SDR  Blended (2014).mkv
2026-09-07 01:33:09 [INFO] [57/381] SKIP-SDR  Captain America The First Avenger (2011).mkv
2026-09-07 01:33:09 [INFO] [58/381] SKIP-SDR  Casino Royale (2006).mkv
2026-09-07 01:33:09 [INFO] [59/381] SKIP-SDR  Cars (2006).mkv
2026-09-07 01:33:09 [INFO] [60/381] SKIP-SDR  Captain America The Winter Soldier (2014).mkv
2026-09-07 01:33:09 [INFO] [61/381] SKIP-SDR  Catch Me If You Can (2002).mkv
2026-09-07 01:33:09 [INFO] [62/381] SKIP-SDR  Cast Away (2000).mkv
2026-09-07 01:33:09 [INFO] [63/381] SKIP-SDR  Chicken Little (2005).mkv
2026-09-07 01:33:09 [INFO] [64/381] SKIP-SDR  Charlie and the Chocolate Factory (2005).mkv
2026-09-07 01:33:09 [INFO] [65/381] SKIP-SDR  Children of Men (2006).mkv
2026-09-07 01:33:09 [INFO] [66/381] SKIP-SDR  Cloverfield (2008).mkv
2026-09-07 01:33:09 [INFO] [67/381] SKIP-SDR  Contact (1997).mkv
2026-09-07 01:33:09 [INFO] [68/381] SKIP-SDR  Civil War (2024).mkv
2026-09-07 01:33:09 [INFO] [69/381] SKIP-SDR  Cloudy with a Chance of Meatballs (2009).mkv
2026-09-07 01:33:09 [INFO] [70/381] SKIP-SDR  Chronicle (2012).mkv
2026-09-07 01:33:09 [INFO] [71/381] SKIP-SDR  Coach Carter (2005).mkv
2026-09-07 01:33:09 [INFO] [72/381] SKIP-SDR  Coco (2017).mkv
2026-09-07 01:33:09 [INFO] [73/381] SKIP-SDR  Contagion (2011).mkv
2026-09-07 01:33:09 [INFO] [74/381] SKIP-SDR  Dead Poets Society (1989).mkv
2026-09-07 01:33:09 [INFO] [75/381] SKIP-SDR  Deadpool (2016).mkv
2026-09-07 01:33:09 [INFO] [76/381] SKIP-SDR  Creed (2015).mkv
2026-09-07 01:33:09 [INFO] [77/381] SKIP-SDR  Deadpool 2 (2018).mkv
2026-09-07 01:33:09 [INFO] [78/381] SKIP-SDR  Crazy Rich Asians (2018).mkv
2026-09-07 01:33:09 [INFO] [79/381] SKIP-SDR  Coraline (2009).mkv
2026-09-07 01:33:09 [INFO] [80/381] SKIP-SDR  Dawn of the Planet of the Apes (2014).mkv
2026-09-07 01:33:09 [INFO] [81/381] SKIP-SDR  Despicable Me (2010).mkv
2026-09-07 01:33:09 [INFO] [82/381] SKIP-SDR  Die Hard (1988).mkv
2026-09-07 01:33:09 [INFO] [83/381] SKIP-SDR  Donnie Darko (2001).mkv
2026-09-07 01:33:09 [INFO] [84/381] SKIP-SDR  Django Unchained (2012).mkv
2026-09-07 01:33:09 [INFO] [85/381] SKIP-SDR  Dune - Part Two (2024).mkv
2026-09-07 01:33:09 [INFO] [86/381] SKIP-SDR  District 9 (2009).mkv
2026-09-07 01:33:09 [INFO] [87/381] SKIP-SDR  Dune (2021).mkv
2026-09-07 01:33:09 [INFO] [88/381] SKIP-SDR  Dunkirk (2017).mkv
2026-09-07 01:33:09 [INFO] [89/381] SKIP-SDR  E T the Extra-Terrestrial (1982).mkv
2026-09-07 01:33:09 [INFO] [90/381] SKIP-SDR  Enchanted (2007).mkv
2026-09-07 01:33:09 [INFO] [91/381] SKIP-SDR  Easy A (2010).mkv
2026-09-07 01:33:09 [INFO] [92/381] SKIP-SDR  Edward Scissorhands (1990).mkv
2026-09-07 01:33:09 [INFO] [93/381] SKIP-SDR  Elemental (2023).mkv
2026-09-07 01:33:09 [INFO] [94/381] SKIP-SDR  Edge of Tomorrow (2014).mkv
2026-09-07 01:33:09 [INFO] [95/381] SKIP-SDR  Elysium (2013).mkv
2026-09-07 01:33:09 [INFO] [96/381] SKIP-SDR  Enemy (2013).mkv
2026-09-07 01:33:09 [INFO] [97/381] SKIP-SDR  Eternal Sunshine of the Spotless Mind (2004).mkv
2026-09-07 01:33:09 [INFO] [98/381] SKIP-SDR  Fight Club (1999).mkv
2026-09-07 01:33:09 [INFO] [99/381] SKIP-SDR  Fast Five (2011).mkv
2026-09-07 01:33:09 [INFO] [100/381] SKIP-SDR  Ford v Ferrari (2019).mkv
2026-09-07 01:33:09 [INFO] [101/381] SKIP-SDR  Fargo (1996).mkv
2026-09-07 01:33:09 [INFO] [102/381] SKIP-SDR  Ex Machina (2015).mkv
2026-09-07 01:33:09 [INFO] [103/381] SKIP-SDR  First Man (2018).mkv
2026-09-07 01:33:09 [INFO] [104/381] SKIP-SDR  Ferris Bueller's Day Off (1986).mkv
2026-09-07 01:33:09 [INFO] [105/381] SKIP-SDR  Finding Nemo (2003).mkv
2026-09-07 01:33:09 [INFO] [106/381] SKIP-SDR  Fury (2014).mkv
2026-09-07 01:33:09 [INFO] [107/381] SKIP-SDR  Ghostbusters (1984).mkv
2026-09-07 01:33:09 [INFO] [108/381] SKIP-SDR  Fractured (2019).mkv
2026-09-07 01:33:09 [INFO] [109/381] SKIP-SDR  Forrest Gump (1994).mkv
2026-09-07 01:33:09 [INFO] [110/381] SKIP-SDR  Get Out (2017).mkv
2026-09-07 01:33:09 [INFO] [111/381] SKIP-SDR  Good Will Hunting (1997).mkv
2026-09-07 01:33:09 [INFO] [112/381] SKIP-SDR  Gladiator (2000).mkv
2026-09-07 01:33:09 [INFO] [113/381] SKIP-SDR  Gone Girl (2014).mkv
2026-09-07 01:33:09 [INFO] [114/381] SKIP-SDR  Greenland (2020).mkv
2026-09-07 01:33:09 [INFO] [115/381] SKIP-SDR  Goodfellas (1990).mkv
2026-09-07 01:33:09 [INFO] [116/381] SKIP-SDR  Green Book (2018).mkv
2026-09-07 01:33:09 [INFO] [117/381] SKIP-SDR  Gravity (2013).mkv
2026-09-07 01:33:09 [INFO] [118/381] SKIP-SDR  Hacksaw Ridge (2016).mkv
2026-09-07 01:33:09 [INFO] [119/381] SKIP-SDR  Groundhog Day (1993).mkv
2026-09-07 01:33:09 [INFO] [120/381] SKIP-SDR  Grown Ups (2010).mkv
2026-09-07 01:33:09 [INFO] [121/381] SKIP-SDR  Guardians of the Galaxy (2014).mkv
2026-09-07 01:33:09 [INFO] [122/381] SKIP-SDR  Happy Feet (2006).mkv
2026-09-07 01:33:09 [INFO] [123/381] SKIP-SDR  Harry Potter and the Chamber of Secrets (2002).mkv
2026-09-07 01:33:09 [INFO] [124/381] SKIP-SDR  Harry Potter and the Deathly Hallows - Part 2 (2011).mkv
2026-09-07 01:33:09 [INFO] [125/381] SKIP-SDR  Harry Potter and the Goblet of Fire (2005).mkv
2026-09-07 01:33:09 [INFO] [126/381] SKIP-SDR  Harry Potter and the Half-Blood Prince (2009).mkv
2026-09-07 01:33:09 [INFO] [127/381] SKIP-SDR  Harry Potter and the Order of the Phoenix (2007).mkv
2026-09-07 01:33:09 [INFO] [128/381] SKIP-SDR  Happy Gilmore (1996).mkv
2026-09-07 01:33:09 [INFO] [129/381] SKIP-SDR  Harry Potter and the Deathly Hallows - Part 1 (2010).mkv
2026-09-07 01:33:09 [INFO] [130/381] SKIP-SDR  Harry Potter and the Prisoner of Azkaban (2004).mkv
2026-09-07 01:33:09 [INFO] [131/381] SKIP-SDR  Holes (2003).mkv
2026-09-07 01:33:09 [INFO] [132/381] SKIP-SDR  Hercules (1997).mkv
2026-09-07 01:33:09 [INFO] [133/381] SKIP-SDR  Harry Potter and the Sorcerer's Stone (2001).mkv
2026-09-07 01:33:09 [INFO] [134/381] SKIP-SDR  Hidden Figures (2016).mkv
2026-09-07 01:33:09 [INFO] [135/381] SKIP-SDR  Her (2013).mkv
2026-09-07 01:33:09 [INFO] [136/381] SKIP-SDR  Heat (1995).mkv
2026-09-07 01:33:09 [INFO] [137/381] SKIP-SDR  Hereditary (2018).mkv
2026-09-07 01:33:09 [INFO] [138/381] SKIP-SDR  Home Alone (1990).mkv
2026-09-07 01:33:09 [INFO] [139/381] SKIP-SDR  How to Train Your Dragon (2010).mkv
2026-09-07 01:33:09 [INFO] [140/381] SKIP-SDR  I, Tonya (2017).mkv
2026-09-07 01:33:09 [INFO] [141/381] SKIP-SDR  I, Robot (2004).mkv
2026-09-07 01:33:09 [INFO] [142/381] SKIP-SDR  Home Alone 2 - Lost in New York (1992).mkv
2026-09-07 01:33:09 [INFO] [143/381] SKIP-SDR  I Am Legend (2007).mkv
2026-09-07 01:33:09 [INFO] [144/381] SKIP-SDR  Idiocracy (2006).mkv
2026-09-07 01:33:09 [INFO] [145/381] SKIP-SDR  Ice Age (2002).mkv
2026-09-07 01:33:09 [INFO] [146/381] SKIP-SDR  Inception (2010).mkv
2026-09-07 01:33:10 [INFO] [147/381] SKIP-SDR  Indiana Jones and the Last Crusade (1989).mkv
2026-09-07 01:33:10 [INFO] [148/381] SKIP-SDR  Indiana Jones and the Temple of Doom (1984).mkv
2026-09-07 01:33:10 [INFO] [149/381] SKIP-SDR  Inglourious Basterds (2009).mkv
2026-09-07 01:33:10 [INFO] [150/381] SKIP-SDR  Incredibles 2 (2018).mkv
2026-09-07 01:33:10 [INFO] [151/381] SKIP-SDR  Indiana Jones and the Raiders of the Lost Ark (1981).mkv
2026-09-07 01:33:10 [INFO] [152/381] SKIP-SDR  Insomnia (2002).mkv
2026-09-07 01:33:10 [INFO] [153/381] SKIP-SDR  Independence Day (1996).mkv
2026-09-07 01:33:10 [INFO] [154/381] SKIP-SDR  Interstellar (2014).mkv
2026-09-07 01:33:10 [INFO] [155/381] SKIP-SDR  James and the Giant Peach (1996).mkv
2026-09-07 01:33:10 [INFO] [156/381] SKIP-SDR  Iron Man 2 (2010).mkv
2026-09-07 01:33:10 [INFO] [157/381] SKIP-SDR  Into the Wild (2007).mkv
2026-09-07 01:33:10 [INFO] [158/381] SKIP-SDR  IT (2017).mkv
2026-09-07 01:33:10 [INFO] [159/381] SKIP-SDR  Jaws (1975).mkv
2026-09-07 01:33:10 [INFO] [160/381] SKIP-SDR  Iron Man (2008).mkv
2026-09-07 01:33:10 [INFO] [161/381] SKIP-SDR  Jimmy Neutron Boy Genius (2001).mkv
2026-09-07 01:33:10 [INFO] [162/381] SKIP-SDR  John Q (2002).mkv
2026-09-07 01:33:10 [INFO] [163/381] SKIP-SDR  Jurassic Park (1993).mkv
2026-09-07 01:33:10 [INFO] [164/381] SKIP-SDR  Joker (2019).mkv
2026-09-07 01:33:10 [INFO] [165/381] SKIP-SDR  King Richard (2021).mkv
2026-09-07 01:33:10 [INFO] [166/381] SKIP-SDR  Jurassic World (2015).mkv
2026-09-07 01:33:10 [INFO] [167/381] SKIP-SDR  Juno (2007).mkv
2026-09-07 01:33:10 [INFO] [168/381] SKIP-SDR  Jumanji (1995).mkv
2026-09-07 01:33:10 [INFO] [169/381] SKIP-SDR  Kick-Ass (2010).mkv
2026-09-07 01:33:10 [INFO] [170/381] SKIP-SDR  Knives Out (2019).mkv
2026-09-07 01:33:10 [INFO] [171/381] SKIP-SDR  Kung Fu Panda (2008).mkv
2026-09-07 01:33:10 [INFO] [172/381] SKIP-SDR  Legally Blonde (2001).mkv
2026-09-07 01:33:10 [INFO] [173/381] SKIP-SDR  Marty Supreme (2025).mkv
2026-09-07 01:33:10 [INFO] [174/381] SKIP-SDR  Knowing (2009).mkv
2026-09-07 01:33:10 [INFO] [175/381] SKIP-SDR  Lone Survivor (2013).mkv
2026-09-07 01:33:10 [INFO] [176/381] SKIP-SDR  Madagascar (2005).mkv
2026-09-07 01:33:10 [INFO] [177/381] SKIP-SDR  Magnolia (1999).mkv
2026-09-07 01:33:10 [INFO] [178/381] SKIP-SDR  Logan (2017).mkv
2026-09-07 01:33:10 [INFO] [179/381] SKIP-SDR  Meet the Robinsons (2007).mkv
2026-09-07 01:33:10 [INFO] [180/381] SKIP-SDR  Megamind (2010).mkv
2026-09-07 01:33:10 [INFO] [181/381] SKIP-SDR  Mean Girls (2004).mkv
2026-09-07 01:33:10 [INFO] [182/381] SKIP-SDR  Memento (2000).mkv
2026-09-07 01:33:10 [INFO] [183/381] SKIP-SDR  Monsters University (2013).mkv
2026-09-07 01:33:10 [INFO] [184/381] SKIP-SDR  Monsters, Inc (2001).mkv
2026-09-07 01:33:10 [INFO] [185/381] SKIP-SDR  Mission - Impossible - Fallout (2018).mkv
2026-09-07 01:33:10 [INFO] [186/381] SKIP-SDR  Minority Report (2002).mkv
2026-09-07 01:33:10 [INFO] [187/381] SKIP-SDR  Napoleon Dynamite (2004).mkv
2026-09-07 01:33:10 [INFO] [188/381] SKIP-SDR  Moon (2009).mkv
2026-09-07 01:33:10 [INFO] [189/381] SKIP-SDR  Mulan (1998).mkv
2026-09-07 01:33:10 [INFO] [190/381] SKIP-SDR  National Lampoon's Christmas Vacation (1989).mkv
2026-09-07 01:33:10 [INFO] [191/381] SKIP-SDR  National Treasure (2004).mkv
2026-09-07 01:33:10 [INFO] [192/381] SKIP-SDR  Nightcrawler (2014).mkv
2026-09-07 01:33:10 [INFO] [193/381] SKIP-SDR  Night at the Museum (2006).mkv
2026-09-07 01:33:10 [INFO] [194/381] SKIP-SDR  National Treasure Book of Secrets (2007).mkv
2026-09-07 01:33:10 [INFO] [195/381] SKIP-SDR  Oblivion (2013).mkv
2026-09-07 01:33:10 [INFO] [196/381] SKIP-SDR  No Country for Old Men (2007).mkv
2026-09-07 01:33:10 [INFO] [197/381] SKIP-SDR  Now You See Me (2013).mkv
2026-09-07 01:33:10 [INFO] [198/381] SKIP-SDR  Obsession (2026).mkv
2026-09-07 01:33:10 [INFO] [199/381] SKIP-SDR  Open Season (2006).mkv
2026-09-07 01:33:10 [INFO] [200/381] SKIP-SDR  One Flew Over the Cuckoo's Nest (1975).mkv
2026-09-07 01:33:10 [INFO] [201/381] SKIP-SDR  October Sky (1999).mkv
2026-09-07 01:33:10 [INFO] [202/381] SKIP-SDR  Office Space (1999).mkv
2026-09-07 01:33:10 [INFO] [203/381] SKIP-SDR  Osmosis Jones (2001).mkv
2026-09-07 01:33:10 [INFO] [204/381] SKIP-SDR  Over the Hedge (2006).mkv
2026-09-07 01:33:10 [INFO] [205/381] SKIP-SDR  Oppenheimer (2023).mkv
2026-09-07 01:33:10 [INFO] [206/381] SKIP-SDR  Parasite (2019).mkv
2026-09-07 01:33:10 [INFO] [207/381] SKIP-SDR  Pineapple Express (2008).mkv
2026-09-07 01:33:10 [INFO] [208/381] SKIP-SDR  Pearl (2022).mkv
2026-09-07 01:33:10 [INFO] [209/381] SKIP-SDR  Pirates of the Caribbean Dead Man's Chest (2006).mkv
2026-09-07 01:33:10 [INFO] [210/381] SKIP-SDR  Pirates of the Caribbean At World's End (2007).mkv
2026-09-07 01:33:10 [INFO] [211/381] SKIP-SDR  Prisoners (2013).mkv
2026-09-07 01:33:10 [INFO] [212/381] SKIP-SDR  Pirates of the Caribbean The Curse of the Black Pearl (2003).mkv
2026-09-07 01:33:10 [INFO] [213/381] SKIP-SDR  Pitch Perfect (2012).mkv
2026-09-07 01:33:10 [INFO] [214/381] SKIP-SDR  Project Hail Mary (2026).mkv
2026-09-07 01:33:10 [INFO] [215/381] SKIP-SDR  Ratatouille (2007).mkv
2026-09-07 01:33:10 [INFO] [216/381] SKIP-SDR  Pulp Fiction (1994).mkv
2026-09-07 01:33:10 [INFO] [217/381] SKIP-SDR  Project X (2012).mkv
2026-09-07 01:33:10 [INFO] [218/381] SKIP-SDR  Ready Player One (2018).mkv
2026-09-07 01:33:10 [INFO] [219/381] SKIP-SDR  Real Steel (2011).mkv
2026-09-07 01:33:10 [INFO] [220/381] SKIP-SDR  Requiem for a Dream (2000).mkv
2026-09-07 01:33:10 [INFO] [221/381] SKIP-SDR  Remember the Titans (2000).mkv
2026-09-07 01:33:10 [INFO] [222/381] SKIP-SDR  Rise of the Planet of the Apes (2011).mkv
2026-09-07 01:33:10 [INFO] [223/381] SKIP-SDR  Robots (2005).mkv
2026-09-07 01:33:10 [INFO] [224/381] SKIP-SDR  Rocky (1976).mkv
2026-09-07 01:33:10 [INFO] [225/381] SKIP-SDR  Room (2015).mkv
2026-09-07 01:33:10 [INFO] [226/381] SKIP-SDR  Sausage Party (2016).mkv
2026-09-07 01:33:10 [INFO] [227/381] SKIP-SDR  Saving Private Ryan (1998).mkv
2026-09-07 01:33:10 [INFO] [228/381] SKIP-SDR  Scarface (1983).mkv
2026-09-07 01:33:10 [INFO] [229/381] SKIP-SDR  Saw (2004).mkv
2026-09-07 01:33:10 [INFO] [230/381] SKIP-SDR  Schindler's List (1993).mkv
2026-09-07 01:33:10 [INFO] [231/381] SKIP-SDR  Scream (1996).mkv
2026-09-07 01:33:10 [INFO] [232/381] SKIP-SDR  Shark Tale (2004).mkv
2026-09-07 01:33:10 [INFO] [233/381] SKIP-SDR  Se7en (1995).mkv
2026-09-07 01:33:10 [INFO] [234/381] SKIP-SDR  Shazam! (2019).mkv
2026-09-07 01:33:10 [INFO] [235/381] SKIP-SDR  Shrek 2 (2004).mkv
2026-09-07 01:33:10 [INFO] [236/381] SKIP-SDR  Shrek (2001).mkv
2026-09-07 01:33:10 [INFO] [237/381] SKIP-SDR  Shrek Forever After (2010).mkv
2026-09-07 01:33:10 [INFO] [238/381] SKIP-SDR  Shutter Island (2010).mkv
2026-09-07 01:33:10 [INFO] [239/381] SKIP-SDR  Signs (2002).mkv
2026-09-07 01:33:10 [INFO] [240/381] SKIP-SDR  Sinister (2012).mkv
2026-09-07 01:33:10 [INFO] [241/381] SKIP-SDR  Sicario (2015).mkv
2026-09-07 01:33:10 [INFO] [242/381] SKIP-SDR  Sinners (2025).mkv
2026-09-07 01:33:10 [INFO] [243/381] SKIP-SDR  Skyfall (2012).mkv
2026-09-07 01:33:10 [INFO] [244/381] SKIP-SDR  Slumdog Millionaire (2008).mkv
2026-09-07 01:33:10 [INFO] [245/381] SKIP-SDR  Snatch (2000).mkv
2026-09-07 01:33:10 [INFO] [246/381] SKIP-SDR  Snowden (2016).mkv
2026-09-07 01:33:11 [INFO] [247/381] SKIP-SDR  Spaceballs (1987).mkv
2026-09-07 01:33:11 [INFO] [248/381] SKIP-SDR  Source Code (2011).mkv
2026-09-07 01:33:11 [INFO] [249/381] SKIP-SDR  Spider-Man (2002).mkv
2026-09-07 01:33:11 [INFO] [250/381] SKIP-SDR  Spider-Man - Across the Spider-Verse (2023).mkv
2026-09-07 01:33:11 [INFO] [251/381] SKIP-SDR  Spider-Man - Into the Spider-Verse (2018).mkv
2026-09-07 01:33:11 [INFO] [252/381] SKIP-SDR  Spider-Man 2 (2004).mkv
2026-09-07 01:33:11 [INFO] [253/381] SKIP-SDR  Spider-Man - Homecoming (2017).mkv
2026-09-07 01:33:11 [INFO] [254/381] SKIP-SDR  Spider-Man No Way Home (2021).mkv
2026-09-07 01:33:11 [INFO] [255/381] SKIP-SDR  Split (2016).mkv
2026-09-07 01:33:11 [INFO] [256/381] SKIP-SDR  Spirited Away (2001).mkv
2026-09-07 01:33:11 [INFO] [257/381] SKIP-SDR  Stalker (1979).mkv
2026-09-07 01:33:11 [INFO] [258/381] SKIP-SDR  Stand by Me (1986).mkv
2026-09-07 01:33:11 [INFO] [259/381] SKIP-SDR  Star Trek - Into Darkness (2013).mkv
2026-09-07 01:33:11 [INFO] [260/381] SKIP-SDR  Star Wars - Episode I - The Phantom Menace (1999).mkv
2026-09-07 01:33:11 [INFO] [261/381] SKIP-SDR  Star Trek (2009).mkv
2026-09-07 01:33:11 [INFO] [262/381] SKIP-SDR  Star Wars - Episode II - Attack of the Clones (2002).mkv
2026-09-07 01:33:11 [INFO] [263/381] SKIP-SDR  Star Wars - Episode III - Revenge of the Sith (2005).mkv
2026-09-07 01:33:11 [INFO] [264/381] SKIP-SDR  Star Wars - Episode IV - A New Hope (1977).mkv
2026-09-07 01:33:11 [INFO] [265/381] SKIP-SDR  Star Wars - Episode V - The Empire Strikes Back (1980).mkv
2026-09-07 01:33:11 [INFO] [266/381] SKIP-SDR  Star Wars - Episode VI - Return of the Jedi (1983).mkv
2026-09-07 01:33:11 [INFO] [267/381] SKIP-SDR  Straight Outta Compton (2015).mkv
2026-09-07 01:33:11 [INFO] [268/381] SKIP-SDR  Super 8 (2011).mkv
2026-09-07 01:33:11 [INFO] [269/381] SKIP-SDR  Superbad (2007).mkv
2026-09-07 01:33:11 [INFO] [270/381] SKIP-SDR  Surf's Up (2007).mkv
2026-09-07 01:33:11 [INFO] [271/381] SKIP-SDR  Taken (2008).mkv
2026-09-07 01:33:11 [INFO] [272/381] SKIP-SDR  Tangled (2010).mkv
2026-09-07 01:33:11 [INFO] [273/381] SKIP-SDR  Taxi Driver (1976).mkv
2026-09-07 01:33:11 [INFO] [274/381] SKIP-SDR  Ted (2012).mkv
2026-09-07 01:33:11 [INFO] [275/381] SKIP-SDR  Tenet (2020).mkv
2026-09-07 01:33:11 [INFO] [276/381] SKIP-SDR  Tetris (2023).mkv
2026-09-07 01:33:11 [INFO] [277/381] SKIP-SDR  The Accountant (2016).mkv
2026-09-07 01:33:11 [INFO] [278/381] SKIP-SDR  Terminator 2 - Judgment Day (1991).mkv
2026-09-07 01:33:11 [INFO] [279/381] SKIP-SDR  The Avengers (2012).mkv
2026-09-07 01:33:11 [INFO] [280/381] SKIP-SDR  The Batman (2022).mkv
2026-09-07 01:33:11 [INFO] [281/381] SKIP-SDR  The Amazing Spider-Man (2012).mkv
2026-09-07 01:33:11 [INFO] [282/381] SKIP-SDR  The Big Lebowski (1998).mkv
2026-09-07 01:33:11 [INFO] [283/381] SKIP-SDR  The Bourne Supremacy (2004).mkv
2026-09-07 01:33:11 [INFO] [284/381] SKIP-SDR  The Big Short (2015).mkv
2026-09-07 01:33:11 [INFO] [285/381] SKIP-SDR  The Bourne Identity (2002).mkv
2026-09-07 01:33:11 [INFO] [286/381] SKIP-SDR  The Book of Eli (2010).mkv
2026-09-07 01:33:11 [INFO] [287/381] SKIP-SDR  The Boy in the Striped Pyjamas (2008).mkv
2026-09-07 01:33:11 [INFO] [288/381] SKIP-SDR  The Bourne Ultimatum (2007).mkv
2026-09-07 01:33:11 [INFO] [289/381] SKIP-SDR  The Breakfast Club (1985).mkv
2026-09-07 01:33:11 [INFO] [290/381] SKIP-SDR  The Curious Case of Benjamin Button (2008).mkv
2026-09-07 01:33:11 [INFO] [291/381] SKIP-SDR  The Day After (1983).mkv
2026-09-07 01:33:11 [INFO] [292/381] SKIP-SDR  The Dark Knight Rises (2012).mkv
2026-09-07 01:33:11 [INFO] [293/381] SKIP-SDR  The Dark Knight (2008).mkv
2026-09-07 01:33:11 [INFO] [294/381] SKIP-SDR  The Departed (2006).mkv
2026-09-07 01:33:11 [INFO] [295/381] SKIP-SDR  The Emperor's New Groove (2000).mkv
2026-09-07 01:33:11 [INFO] [296/381] SKIP-SDR  The Edge of Seventeen (2016).mkv
2026-09-07 01:33:11 [INFO] [297/381] SKIP-SDR  The Fast and the Furious (2001).mkv
2026-09-07 01:33:11 [INFO] [298/381] SKIP-SDR  The Founder (2016).mkv
2026-09-07 01:33:11 [INFO] [299/381] SKIP-SDR  The Green Mile (1999).mkv
2026-09-07 01:33:11 [INFO] [300/381] SKIP-SDR  The Godfather - Part II (1974).mkv
2026-09-07 01:33:11 [INFO] [301/381] SKIP-SDR  The Godfather (1972).mkv
2026-09-07 01:33:11 [INFO] [302/381] SKIP-SDR  The Goonies (1985).mkv
2026-09-07 01:33:11 [INFO] [303/381] SKIP-SDR  The Hangover (2009).mkv
2026-09-07 01:33:11 [INFO] [304/381] SKIP-SDR  The Hunger Games (2012).mkv
2026-09-07 01:33:11 [INFO] [305/381] SKIP-SDR  The Help (2011).mkv
2026-09-07 01:33:11 [INFO] [306/381] SKIP-SDR  The Hunger Games - Mockingjay - Part 1 (2014).mkv
2026-09-07 01:33:11 [INFO] [307/381] SKIP-SDR  The Hunger Games Catching Fire (2013).mkv
2026-09-07 01:33:11 [INFO] [308/381] SKIP-SDR  The Hunger Games - Mockingjay - Part 2 (2015).mkv
2026-09-07 01:33:11 [INFO] [309/381] SKIP-SDR  The Imitation Game (2014).mkv
2026-09-07 01:33:11 [INFO] [310/381] SKIP-SDR  The Hurt Locker (2008).mkv
2026-09-07 01:33:11 [INFO] [311/381] SKIP-SDR  The Incredibles (2004).mkv
2026-09-07 01:33:11 [INFO] [312/381] SKIP-SDR  The Interview (2014).mkv
2026-09-07 01:33:11 [INFO] [313/381] SKIP-SDR  The Invisible Man (2020).mkv
2026-09-07 01:33:11 [INFO] [314/381] SKIP-SDR  The Karate Kid (1984).mkv
2026-09-07 01:33:11 [INFO] [315/381] SKIP-SDR  The Lord of the Rings The Two Towers (2002).mkv
2026-09-07 01:33:11 [INFO] [316/381] SKIP-SDR  The Longest Yard (2005).mkv
2026-09-07 01:33:11 [INFO] [317/381] SKIP-SDR  The Lord of the Rings The Fellowship of the Ring (2001).mkv
2026-09-07 01:33:11 [INFO] [318/381] SKIP-SDR  The Lord of the Rings The Return of the King (2003).mkv
2026-09-07 01:33:11 [INFO] [319/381] SKIP-SDR  The Martian (2015).mkv
2026-09-07 01:33:11 [INFO] [320/381] SKIP-SDR  The Maze Runner (2014).mkv
2026-09-07 01:33:11 [INFO] [321/381] SKIP-SDR  The Matrix (1999).mkv
2026-09-07 01:33:11 [INFO] [322/381] SKIP-SDR  The Nightmare Before Christmas (1993).mkv
2026-09-07 01:33:11 [INFO] [323/381] SKIP-SDR  The Prestige (2006).mkv
2026-09-07 01:33:11 [INFO] [324/381] SKIP-SDR  The Polar Express (2004).mkv
2026-09-07 01:33:11 [INFO] [325/381] SKIP-SDR  The Princess and the Frog (2009).mkv
2026-09-07 01:33:11 [INFO] [326/381] SKIP-SDR  The Proposal (2009).mkv
2026-09-07 01:33:11 [INFO] [327/381] SKIP-SDR  The Shawshank Redemption (1994).mkv
2026-09-07 01:33:11 [INFO] [328/381] SKIP-SDR  The Sandlot (1993).mkv
2026-09-07 01:33:11 [INFO] [329/381] SKIP-SDR  The Revenant (2015).mkv
2026-09-07 01:33:11 [INFO] [330/381] SKIP-SDR  The Silence of the Lambs (1991).mkv
2026-09-07 01:33:11 [INFO] [331/381] SKIP-SDR  The Substance (2024).mkv
2026-09-07 01:33:11 [INFO] [332/381] SKIP-SDR  The Sixth Sense (1999).mkv
2026-09-07 01:33:11 [INFO] [333/381] SKIP-SDR  The Terminator (1984).mkv
2026-09-07 01:33:11 [INFO] [334/381] SKIP-SDR  The Social Network (2010).mkv
2026-09-07 01:33:11 [INFO] [335/381] SKIP-SDR  The Thing (1982).mkv
2026-09-07 01:33:11 [INFO] [336/381] SKIP-SDR  The Truman Show (1998).mkv
2026-09-07 01:33:11 [INFO] [337/381] SKIP-SDR  The Theory of Everything (2014).mkv
2026-09-07 01:33:11 [INFO] [338/381] SKIP-SDR  The Usual Suspects (1995).mkv
2026-09-07 01:33:11 [INFO] [339/381] SKIP-SDR  The Wild Robot (2024).mkv
2026-09-07 01:33:11 [INFO] [340/381] SKIP-SDR  The Wolf of Wall Street (2013).mkv
2026-09-07 01:33:11 [INFO] [341/381] SKIP-SDR  There Will Be Blood (2007).mkv
2026-09-07 01:33:11 [INFO] [342/381] SKIP-SDR  This Christmas (2007).mkv
2026-09-07 01:33:12 [INFO] [343/381] SKIP-SDR  This Is the End (2013).mkv
2026-09-07 01:33:12 [INFO] [344/381] SKIP-SDR  Threads (1984).mkv
2026-09-07 01:33:12 [INFO] [345/381] SKIP-SDR  Titanic (1997).mkv
2026-09-07 01:33:12 [INFO] [346/381] SKIP-SDR  Thor - Ragnarok (2017).mkv
2026-09-07 01:33:12 [INFO] [347/381] SKIP-SDR  Toy Story (1995).mkv
2026-09-07 01:33:12 [INFO] [348/381] SKIP-SDR  Top Gun - Maverick (2022).mkv
2026-09-07 01:33:12 [INFO] [349/381] SKIP-SDR  Toy Story 2 (1999).mkv
2026-09-07 01:33:12 [INFO] [350/381] SKIP-SDR  Top Gun (1986).mkv
2026-09-07 01:33:12 [INFO] [351/381] SKIP-SDR  Toy Story 5 (2026).mkv
2026-09-07 01:33:12 [INFO] [352/381] SKIP-SDR  Training Day (2001).mkv
2026-09-07 01:33:12 [INFO] [353/381] SKIP-SDR  Toy Story 3 (2010).mkv
2026-09-07 01:33:12 [INFO] [354/381] SKIP-SDR  Toy Story 4 (2019).mkv
2026-09-07 01:33:12 [INFO] [355/381] SKIP-SDR  Transformers Dark Of The Moon (2011).mkv
2026-09-07 01:33:12 [INFO] [356/381] SKIP-SDR  Transformers Revenge of the Fallen (2009).mkv
2026-09-07 01:33:12 [INFO] [357/381] SKIP-SDR  Treasure Planet (2002).mkv
2026-09-07 01:33:12 [INFO] [358/381] SKIP-SDR  Transformers (2007).mkv
2026-09-07 01:33:12 [INFO] [359/381] SKIP-SDR  Turtles Forever (2009).mkv
2026-09-07 01:33:12 [INFO] [360/381] SKIP-SDR  Twelve Monkeys (1995).mkv
2026-09-07 01:33:12 [INFO] [361/381] SKIP-SDR  Uncut Gems (2019).mkv
2026-09-07 01:33:12 [INFO] [362/381] SKIP-SDR  TRON - Legacy (2010).mkv
2026-09-07 01:33:12 [INFO] [363/381] SKIP-SDR  Us (2019).mkv
2026-09-07 01:33:12 [INFO] [364/381] SKIP-SDR  V for Vendetta (2005).mkv
2026-09-07 01:33:12 [INFO] [365/381] SKIP-SDR  United 93 (2006).mkv
2026-09-07 01:33:12 [INFO] [366/381] SKIP-SDR  WALL-E (2008).mkv
2026-09-07 01:33:12 [INFO] [367/381] SKIP-SDR  War Dogs (2016).mkv
2026-09-07 01:33:12 [INFO] [368/381] SKIP-SDR  Wallace & Gromit - The Curse of the Were-Rabbit (2005).mkv
2026-09-07 01:33:12 [INFO] [369/381] SKIP-SDR  WarGames (1983).mkv
2026-09-07 01:33:12 [INFO] [370/381] SKIP-SDR  War for the Planet of the Apes (2017).mkv
2026-09-07 01:33:12 [INFO] [371/381] SKIP-SDR  Whiplash (2014).mkv
2026-09-07 01:33:12 [INFO] [372/381] SKIP-SDR  Weapons (2025).mkv
2026-09-07 01:33:12 [INFO] [373/381] SKIP-SDR  We're the Millers (2013).mkv
2026-09-07 01:33:12 [INFO] [374/381] SKIP-SDR  Warrior (2011).mkv
2026-09-07 01:33:12 [INFO] [375/381] SKIP-SDR  Wreck-It Ralph (2012).mkv
2026-09-07 01:33:12 [INFO] [376/381] SKIP-SDR  World War Z (2013).mkv
2026-09-07 01:33:12 [INFO] [377/381] SKIP-SDR  Zathura - A Space Adventure (2005).mkv
2026-09-07 01:33:12 [INFO] [378/381] SKIP-SDR  Willy Wonka & the Chocolate Factory (1971).mkv
2026-09-07 01:33:12 [INFO] [379/381] SKIP-SDR  Zero Dark Thirty (2012).mkv
2026-09-07 01:33:12 [INFO] [380/381] SKIP-SDR  Zootopia 2 (2025).mkv
2026-09-07 01:33:12 [INFO] [381/381] SKIP-SDR  Zootopia (2016).mkv
2026-09-07 01:33:12 [INFO] Probe cache: 0 reused, 381 probed.
2026-09-07 01:33:14 [INFO] 
2026-09-07 01:33:14 [INFO] ===============================================================================
2026-09-07 01:33:14 [INFO] SCAN COMPLETE
2026-09-07 01:33:14 [INFO] ===============================================================================
2026-09-07 01:33:14 [INFO]   8-bit SDR (QUEUE)         : 0
2026-09-07 01:33:14 [INFO]   10/12/16-bit SDR (SKIP)   : 380
2026-09-07 01:33:14 [INFO]   Native HDR (KEEP)         : 1
2026-09-07 01:33:14 [INFO]   8-bit tagged HDR (REVIEW) : 0
2026-09-07 01:33:14 [INFO]   Unknown bit depth (REVIEW): 0
2026-09-07 01:33:14 [INFO]   Total review required     : 0
2026-09-07 01:33:14 [INFO]   Errors                    : 0
2026-09-07 01:33:14 [INFO] ===============================================================================
2026-09-07 01:33:14 [INFO] Report : E:\torrents\tools\ReportsAndLogs\10bit\10bit_report.txt
