2026-09-07 01:08:38 [INFO] Starting read-only library audit; source=E:\torrents\final_organized
2026-09-07 01:08:38 [INFO] Log=E:\torrents\tools\ReportsAndLogs\library_auditor\library_auditor.log; report=E:\torrents\tools\ReportsAndLogs\library_auditor\library_auditor_report.txt
2026-09-07 01:08:38 [INFO] Found 381 top-level movie folder(s).
2026-09-07 01:08:38 [INFO] Reading 381 folder(s) with 6 workers (read-only).
2026-09-07 01:08:39 [INFO] [25/381] audited: Aliens (1986)
2026-09-07 01:08:39 [INFO] [50/381] audited: Bohemian Rhapsody (2018)
2026-09-07 01:08:39 [INFO] [75/381] audited: Crazy Rich Asians (2018)
2026-09-07 01:08:39 [INFO] [100/381] audited: Fast Five (2011)
2026-09-07 01:08:39 [INFO] [125/381] audited: Harry Potter and the Deathly Hallows - Part 1 (2010)
2026-09-07 01:08:39 [INFO] [150/381] audited: Indiana Jones and the Raiders of the Lost Ark (1981)
2026-09-07 01:08:39 [INFO] [175/381] audited: Lone Survivor (2013)
2026-09-07 01:08:39 [INFO] [200/381] audited: Office Space (1999)
2026-09-07 01:08:39 [INFO] [225/381] audited: Room (2015)
2026-09-07 01:08:39 [INFO] [250/381] audited: Spider-Man - Across the Spider-Verse (2023)
2026-09-07 01:08:39 [INFO] [275/381] audited: Tenet (2020)
2026-09-07 01:08:39 [INFO] [300/381] audited: The Godfather - Part II (1974)
2026-09-07 01:08:39 [INFO] [325/381] audited: The Princess and the Frog (2009)
2026-09-07 01:08:39 [INFO] [350/381] audited: Toy Story 2 (1999)
2026-09-07 01:08:39 [INFO] [375/381] audited: Willy Wonka & the Chocolate Factory (1971)
2026-09-07 01:08:39 [INFO] [381/381] audited: Zootopia 2 (2025)
2026-09-07 01:08:40 [INFO] Audit complete: canonical_mkv=381; exceptions=0; elapsed=0.33s
2026-09-07 01:08:40 [INFO] Report published: E:\torrents\tools\ReportsAndLogs\library_auditor\library_auditor_report.txt
2026-09-08 09:21:48 [INFO] Starting read-only library audit; source=E:\torrents\final_organized
2026-09-08 09:21:48 [INFO] Log=E:\torrents\tools\ReportsAndLogs\library_auditor\library_auditor.log; report=E:\torrents\tools\ReportsAndLogs\library_auditor\library_auditor_report.txt
2026-09-08 09:21:48 [INFO] Found 382 top-level movie folder(s).
2026-09-08 09:21:48 [INFO] Reading 382 folder(s) with 6 workers (read-only).
2026-09-08 09:21:52 [INFO] [25/382] audited: Aliens (1986)
2026-09-08 09:21:52 [INFO] [50/382] audited: Bohemian Rhapsody (2018)
2026-09-08 09:21:52 [INFO] [75/382] audited: Crazy Rich Asians (2018)
2026-09-08 09:21:52 [INFO] [100/382] audited: Fast Five (2011)
2026-09-08 09:21:52 [INFO] [125/382] audited: Harry Potter and the Deathly Hallows - Part 1 (2010)
2026-09-08 09:21:52 [INFO] [150/382] audited: Indiana Jones and the Raiders of the Lost Ark (1981)
2026-09-08 09:21:52 [WARNING] [164/382] SINGLE_OTHER_CONTAINER: Joyful Noise (2012)
2026-09-08 09:21:52 [INFO] [175/382] audited: Logan (2017)
2026-09-08 09:21:52 [INFO] [200/382] audited: October Sky (1999)
2026-09-08 09:21:52 [INFO] [225/382] audited: Rocky (1976)
2026-09-08 09:21:52 [INFO] [250/382] audited: Spider-Man (2002)
2026-09-08 09:21:52 [INFO] [275/382] audited: Ted (2012)
2026-09-08 09:21:52 [INFO] [300/382] audited: The Godfather (1972)
2026-09-08 09:21:52 [INFO] [325/382] audited: The Prestige (2006)
2026-09-08 09:21:52 [INFO] [350/382] audited: Toy Story (1995)
2026-09-08 09:21:52 [INFO] [375/382] audited: Whiplash (2014)
2026-09-08 09:21:52 [INFO] [382/382] audited: Zootopia 2 (2025)
2026-09-08 09:21:54 [INFO] Audit complete: canonical_mkv=381; exceptions=1; elapsed=3.90s
2026-09-08 09:21:54 [INFO] Report published: E:\torrents\tools\ReportsAndLogs\library_auditor\library_auditor_report.txt
