[2026-09-07 01:31:53] [INFO] ===============================================================================
[2026-09-07 01:31:53] [INFO]   LOSSLESS JELLYFIN MKV TRACK CLEANER
[2026-09-07 01:31:53] [INFO] ===============================================================================
[2026-09-07 01:31:53] [INFO]   Target directory    : E:\torrents\final_organized
[2026-09-07 01:31:53] [INFO]   Execution mode      : LIVE RUN (modifications will be applied)
[2026-09-07 01:31:53] [INFO]   mkvmerge            : C:\Program Files\MKVToolNix\mkvmerge.EXE
[2026-09-07 01:31:53] [INFO]   mkvmerge version    : mkvmerge v100.0 ('Do Hot Girls Like Chords') 64-bit
[2026-09-07 01:31:53] [INFO]   Audio languages     : en, eng
[2026-09-07 01:31:53] [INFO]   Subtitle languages  : en, eng
[2026-09-07 01:31:53] [INFO]   Commentary / DVS    : remove (fixed policy)
[2026-09-07 01:31:53] [INFO]   Accessibility subs  : retained only when no valid external .eng.srt exists
[2026-09-07 01:31:53] [INFO]   External .eng.srt  : validated exact sidecar automatically becomes sole subtitle option
[2026-09-07 01:31:53] [INFO]   Foreign films       : cleaned when a validated external English SRT is present (best non-commentary audio kept)
[2026-09-07 01:31:53] [INFO]   Sidecar subtitles   : never modified by this cleaner (legacy .en.srt is renamed to .eng.srt)
[2026-09-07 01:31:53] [INFO]   Pipeline order      : movie_standardizer.py -> subtitle_fetcher.py -> this cleaner
[2026-09-07 01:31:53] [INFO]   (remuxing first invalidates the OpenSubtitles moviehash; a warning is logged per file)
[2026-09-07 01:31:53] [INFO]   Hardlinked movies   : always deferred (never remuxed while seeding)
[2026-09-07 01:31:53] [INFO]   Process priority    : normal
[2026-09-07 01:31:53] [INFO]   Log file            : E:\torrents\tools\ReportsAndLogs\mkv_track_cleaner\mkv_track_cleaner.log
[2026-09-07 01:31:53] [INFO] ===============================================================================
[2026-09-07 01:31:53] [INFO] --- Starting Scan on 'E:\torrents\final_organized' ---
[2026-09-07 01:31:53] [INFO] Single report file: 'E:\torrents\tools\ReportsAndLogs\mkv_track_cleaner\mkv_track_cleaner_report.txt'
[2026-09-07 01:31:53] [INFO] movie_standardizer.py coordination lock acquired.
[2026-09-07 01:31:53] [INFO] Single-instance lock acquired (PID 2812).
[2026-09-07 01:31:53] [INFO] Checking for orphaned remux transactions from previous runs...
[2026-09-07 01:31:53] [INFO] No orphaned remux transactions found.
[2026-09-07 01:31:53] [INFO] Metadata cache: E:\torrents\tools\ReportsAndLogs\state.db (0 entries loaded)
[2026-09-07 01:31:53] [INFO] Scanning 'E:\torrents\final_organized' for MKV files...
[2026-09-07 01:31:53] [INFO] Found 381 MKV file(s) totaling 1.77 TB
[2026-09-07 01:31:53] [INFO] [  1/381] Already clean: 10 Cloverfield Lane (2016)\10 Cloverfield Lane (2016).mkv
[2026-09-07 01:31:54] [INFO] [  2/381] Already clean: 10 Things I Hate About You (1999)\10 Things I Hate About You (1999).mkv
[2026-09-07 01:31:54] [INFO] [  3/381] Already clean: 12 Years a Slave (2013)\12 Years a Slave (2013).mkv
[2026-09-07 01:31:54] [INFO] [  4/381] Already clean: 13 Hours - The Secret Soldiers of Benghazi (2016)\13 Hours - The Secret Soldiers of Benghazi (2016).mkv
[2026-09-07 01:31:54] [INFO] [  5/381] Already clean: 1917 (2019)\1917 (2019).mkv
[2026-09-07 01:31:55] [INFO] [  6/381] Already clean: 2001 - A Space Odyssey (1968)\2001 - A Space Odyssey (1968).mkv
[2026-09-07 01:31:55] [INFO] [  7/381] Already clean: 21 Jump Street (2012)\21 Jump Street (2012).mkv
[2026-09-07 01:31:55] [INFO] [  8/381] Already clean: 22 Jump Street (2014)\22 Jump Street (2014).mkv
[2026-09-07 01:31:55] [INFO] [  9/381] Already clean: 300 (2006)\300 (2006).mkv
[2026-09-07 01:31:55] [INFO] [ 10/381] Already clean: 42 (2013)\42 (2013).mkv
[2026-09-07 01:31:56] [INFO] [ 11/381] Already clean: 50 First Dates (2004)\50 First Dates (2004).mkv
[2026-09-07 01:31:56] [INFO] [ 12/381] Already clean: 500 Days of Summer (2009)\500 Days of Summer (2009).mkv
[2026-09-07 01:31:56] [INFO] [ 13/381] Already clean: 8 Mile (2002)\8 Mile (2002).mkv
[2026-09-07 01:31:56] [INFO] [ 14/381] Already clean: 9 (2009)\9 (2009).mkv
[2026-09-07 01:31:56] [INFO] [ 15/381] Already clean: A Beautiful Mind (2001)\A Beautiful Mind (2001).mkv
[2026-09-07 01:31:56] [INFO] [ 16/381] Already clean: A Christmas Story (1983)\A Christmas Story (1983).mkv
[2026-09-07 01:31:57] [INFO] [ 17/381] Already clean: A I Artificial Intelligence (2001)\A I Artificial Intelligence (2001).mkv
[2026-09-07 01:31:57] [INFO] [ 18/381] Already clean: A Quiet Place (2018)\A Quiet Place (2018).mkv
[2026-09-07 01:31:57] [INFO] [ 19/381] Already clean: A Quiet Place Part II (2021)\A Quiet Place Part II (2021).mkv
[2026-09-07 01:31:57] [INFO] [ 20/381] Already clean: About Time (2013)\About Time (2013).mkv
[2026-09-07 01:31:57] [INFO] [ 21/381] Already clean: Accepted (2006)\Accepted (2006).mkv
[2026-09-07 01:31:58] [INFO] [ 22/381] Already clean: Air (2023)\Air (2023).mkv
[2026-09-07 01:31:58] [INFO] [ 23/381] Already clean: Aladdin (1992)\Aladdin (1992).mkv
[2026-09-07 01:31:58] [INFO] [ 24/381] Already clean: Alien (1979)\Alien (1979).mkv
[2026-09-07 01:31:58] [INFO] [ 25/381] Already clean: Aliens (1986)\Aliens (1986).mkv
[2026-09-07 01:31:58] [INFO] -- 25/381  cleaned 0  already 25  deferred 0  skipped 0  layout 0  errors 0  saved 0 Bytes  126.44 GB/1.77 TB  elapsed 5.1s  ~1m 08s left
[2026-09-07 01:31:58] [INFO] [ 26/381] Already clean: All Quiet on the Western Front (2022)\All Quiet on the Western Front (2022).mkv
[2026-09-07 01:31:59] [INFO] [ 27/381] Already clean: American History X (1998)\American History X (1998).mkv
[2026-09-07 01:31:59] [INFO] [ 28/381] Already clean: American Pie (1999)\American Pie (1999).mkv
[2026-09-07 01:31:59] [INFO] [ 29/381] Already clean: American Psycho (2000)\American Psycho (2000).mkv
[2026-09-07 01:31:59] [INFO] [ 30/381] Already clean: American Sniper (2014)\American Sniper (2014).mkv
[2026-09-07 01:31:59] [INFO] [ 31/381] Already clean: Annihilation (2018)\Annihilation (2018).mkv
[2026-09-07 01:32:00] [INFO] [ 32/381] Already clean: Apollo 13 (1995)\Apollo 13 (1995).mkv
[2026-09-07 01:32:00] [INFO] [ 33/381] Already clean: Arrival (2016)\Arrival (2016).mkv
[2026-09-07 01:32:00] [INFO] [ 34/381] Already clean: Avatar (2009)\Avatar (2009).mkv
[2026-09-07 01:32:00] [INFO] [ 35/381] Already clean: Avengers Age of Ultron (2015)\Avengers Age of Ultron (2015).mkv
[2026-09-07 01:32:00] [INFO] [ 36/381] Already clean: Avengers Endgame (2019)\Avengers Endgame (2019).mkv
[2026-09-07 01:32:01] [INFO] [ 37/381] Already clean: Avengers Infinity War (2018)\Avengers Infinity War (2018).mkv
[2026-09-07 01:32:01] [INFO] [ 38/381] Already clean: Back to the Future (1985)\Back to the Future (1985).mkv
[2026-09-07 01:32:01] [INFO] [ 39/381] Already clean: Back to the Future Part II (1989)\Back to the Future Part II (1989).mkv
[2026-09-07 01:32:01] [INFO] [ 40/381] Already clean: Back to the Future Part III (1990)\Back to the Future Part III (1990).mkv
[2026-09-07 01:32:02] [INFO] [ 41/381] Already clean: Backrooms (2026)\Backrooms (2026).mkv
[2026-09-07 01:32:02] [INFO] [ 42/381] Already clean: Barbie (2023)\Barbie (2023).mkv
[2026-09-07 01:32:02] [INFO] [ 43/381] Already clean: Batman Begins (2005)\Batman Begins (2005).mkv
[2026-09-07 01:32:02] [INFO] [ 44/381] Already clean: Bee Movie (2007)\Bee Movie (2007).mkv
[2026-09-07 01:32:02] [INFO] [ 45/381] Already clean: Black Hawk Down (2001)\Black Hawk Down (2001).mkv
[2026-09-07 01:32:02] [INFO] [ 46/381] Already clean: Black Panther (2018)\Black Panther (2018).mkv
[2026-09-07 01:32:03] [INFO] [ 47/381] Already clean: Blade Runner (1982)\Blade Runner (1982).mkv
[2026-09-07 01:32:03] [INFO] [ 48/381] Already clean: Blade Runner 2049 (2017)\Blade Runner 2049 (2017).mkv
[2026-09-07 01:32:03] [INFO] [ 49/381] Already clean: Blended (2014)\Blended (2014).mkv
[2026-09-07 01:32:03] [INFO] [ 50/381] Already clean: Bohemian Rhapsody (2018)\Bohemian Rhapsody (2018).mkv
[2026-09-07 01:32:03] [INFO] -- 50/381  cleaned 0  already 50  deferred 0  skipped 0  layout 0  errors 0  saved 0 Bytes  237.87 GB/1.77 TB  elapsed 10s  ~1m 07s left
[2026-09-07 01:32:03] [INFO] [ 51/381] Already clean: Borat (2006)\Borat (2006).mkv
[2026-09-07 01:32:04] [INFO] [ 52/381] Already clean: Boyhood (2014)\Boyhood (2014).mkv
[2026-09-07 01:32:04] [INFO] [ 53/381] Already clean: Boyz N the Hood (1991)\Boyz N the Hood (1991).mkv
[2026-09-07 01:32:04] [INFO] [ 54/381] Already clean: Braveheart (1995)\Braveheart (1995).mkv
[2026-09-07 01:32:04] [INFO] [ 55/381] Already clean: Bugonia (2025)\Bugonia (2025).mkv
[2026-09-07 01:32:04] [INFO] [ 56/381] Already clean: Captain America Civil War (2016)\Captain America Civil War (2016).mkv
[2026-09-07 01:32:05] [INFO] [ 57/381] Already clean: Captain America The First Avenger (2011)\Captain America The First Avenger (2011).mkv
[2026-09-07 01:32:05] [INFO] [ 58/381] Already clean: Captain America The Winter Soldier (2014)\Captain America The Winter Soldier (2014).mkv
[2026-09-07 01:32:05] [INFO] [ 59/381] Already clean: Cars (2006)\Cars (2006).mkv
[2026-09-07 01:32:05] [INFO] [ 60/381] Already clean: Casino Royale (2006)\Casino Royale (2006).mkv
[2026-09-07 01:32:05] [INFO] [ 61/381] Already clean: Cast Away (2000)\Cast Away (2000).mkv
[2026-09-07 01:32:05] [INFO] [ 62/381] Already clean: Catch Me If You Can (2002)\Catch Me If You Can (2002).mkv
[2026-09-07 01:32:06] [INFO] [ 63/381] Already clean: Charlie and the Chocolate Factory (2005)\Charlie and the Chocolate Factory (2005).mkv
[2026-09-07 01:32:06] [INFO] [ 64/381] Already clean: Chicken Little (2005)\Chicken Little (2005).mkv
[2026-09-07 01:32:06] [INFO] [ 65/381] Already clean: Children of Men (2006)\Children of Men (2006).mkv
[2026-09-07 01:32:06] [INFO] [ 66/381] Already clean: Chronicle (2012)\Chronicle (2012).mkv
[2026-09-07 01:32:06] [INFO] [ 67/381] Already clean: Civil War (2024)\Civil War (2024).mkv
[2026-09-07 01:32:07] [INFO] [ 68/381] Already clean: Cloudy with a Chance of Meatballs (2009)\Cloudy with a Chance of Meatballs (2009).mkv
[2026-09-07 01:32:07] [INFO] [ 69/381] Already clean: Cloverfield (2008)\Cloverfield (2008).mkv
[2026-09-07 01:32:07] [INFO] [ 70/381] Already clean: Coach Carter (2005)\Coach Carter (2005).mkv
[2026-09-07 01:32:07] [INFO] [ 71/381] Already clean: Coco (2017)\Coco (2017).mkv
[2026-09-07 01:32:07] [INFO] [ 72/381] Already clean: Contact (1997)\Contact (1997).mkv
[2026-09-07 01:32:07] [INFO] [ 73/381] Already clean: Contagion (2011)\Contagion (2011).mkv
[2026-09-07 01:32:08] [INFO] [ 74/381] Already clean: Coraline (2009)\Coraline (2009).mkv
[2026-09-07 01:32:08] [INFO] [ 75/381] Already clean: Crazy Rich Asians (2018)\Crazy Rich Asians (2018).mkv
[2026-09-07 01:32:08] [INFO] -- 75/381  cleaned 0  already 75  deferred 0  skipped 0  layout 0  errors 0  saved 0 Bytes  347.92 GB/1.77 TB  elapsed 14s  ~1m 02s left
[2026-09-07 01:32:08] [INFO] [ 76/381] Already clean: Creed (2015)\Creed (2015).mkv
[2026-09-07 01:32:08] [INFO] [ 77/381] Already clean: Dawn of the Planet of the Apes (2014)\Dawn of the Planet of the Apes (2014).mkv
[2026-09-07 01:32:08] [INFO] [ 78/381] Already clean: Dead Poets Society (1989)\Dead Poets Society (1989).mkv
[2026-09-07 01:32:09] [INFO] [ 79/381] Already clean: Deadpool (2016)\Deadpool (2016).mkv
[2026-09-07 01:32:09] [INFO] [ 80/381] Already clean: Deadpool 2 (2018)\Deadpool 2 (2018).mkv
[2026-09-07 01:32:09] [INFO] [ 81/381] Already clean: Despicable Me (2010)\Despicable Me (2010).mkv
[2026-09-07 01:32:09] [INFO] [ 82/381] Already clean: Die Hard (1988)\Die Hard (1988).mkv
[2026-09-07 01:32:09] [INFO] [ 83/381] Already clean: District 9 (2009)\District 9 (2009).mkv
[2026-09-07 01:32:10] [INFO] [ 84/381] Already clean: Django Unchained (2012)\Django Unchained (2012).mkv
[2026-09-07 01:32:10] [INFO] [ 85/381] Already clean: Donnie Darko (2001)\Donnie Darko (2001).mkv
[2026-09-07 01:32:10] [INFO] [ 86/381] Already clean: Dune (2021)\Dune (2021).mkv
[2026-09-07 01:32:10] [INFO] [ 87/381] Already clean: Dune - Part Two (2024)\Dune - Part Two (2024).mkv
[2026-09-07 01:32:10] [INFO] [ 88/381] Already clean: Dunkirk (2017)\Dunkirk (2017).mkv
[2026-09-07 01:32:10] [INFO] [ 89/381] Already clean: E T the Extra-Terrestrial (1982)\E T the Extra-Terrestrial (1982).mkv
[2026-09-07 01:32:11] [INFO] [ 90/381] Already clean: Easy A (2010)\Easy A (2010).mkv
[2026-09-07 01:32:11] [INFO] [ 91/381] Already clean: Edge of Tomorrow (2014)\Edge of Tomorrow (2014).mkv
[2026-09-07 01:32:11] [INFO] [ 92/381] Already clean: Edward Scissorhands (1990)\Edward Scissorhands (1990).mkv
[2026-09-07 01:32:11] [INFO] [ 93/381] Already clean: Elemental (2023)\Elemental (2023).mkv
[2026-09-07 01:32:12] [INFO] [ 94/381] Already clean: Elysium (2013)\Elysium (2013).mkv
[2026-09-07 01:32:12] [INFO] [ 95/381] Already clean: Enchanted (2007)\Enchanted (2007).mkv
[2026-09-07 01:32:12] [INFO] [ 96/381] Already clean: Enemy (2013)\Enemy (2013).mkv
[2026-09-07 01:32:12] [INFO] [ 97/381] Already clean: Eternal Sunshine of the Spotless Mind (2004)\Eternal Sunshine of the Spotless Mind (2004).mkv
[2026-09-07 01:32:12] [INFO] [ 98/381] Already clean: Ex Machina (2015)\Ex Machina (2015).mkv
[2026-09-07 01:32:13] [INFO] [ 99/381] Already clean: Fargo (1996)\Fargo (1996).mkv
[2026-09-07 01:32:13] [INFO] [100/381] Already clean: Fast Five (2011)\Fast Five (2011).mkv
[2026-09-07 01:32:13] [INFO] -- 100/381  cleaned 0  already 100  deferred 0  skipped 0  layout 0  errors 0  saved 0 Bytes  464.75 GB/1.77 TB  elapsed 19s  ~56s left
[2026-09-07 01:32:13] [INFO] [101/381] Already clean: Ferris Bueller's Day Off (1986)\Ferris Bueller's Day Off (1986).mkv
[2026-09-07 01:32:13] [INFO] [102/381] Already clean: Fight Club (1999)\Fight Club (1999).mkv
[2026-09-07 01:32:13] [INFO] [103/381] Already clean: Finding Nemo (2003)\Finding Nemo (2003).mkv
[2026-09-07 01:32:13] [INFO] [104/381] Already clean: First Man (2018)\First Man (2018).mkv
[2026-09-07 01:32:14] [INFO] [105/381] Already clean: Ford v Ferrari (2019)\Ford v Ferrari (2019).mkv
[2026-09-07 01:32:14] [INFO] [106/381] Already clean: Forrest Gump (1994)\Forrest Gump (1994).mkv
[2026-09-07 01:32:14] [INFO] [107/381] Already clean: Fractured (2019)\Fractured (2019).mkv
[2026-09-07 01:32:14] [INFO] [108/381] Already clean: Fury (2014)\Fury (2014).mkv
[2026-09-07 01:32:14] [INFO] [109/381] Already clean: Get Out (2017)\Get Out (2017).mkv
[2026-09-07 01:32:15] [INFO] [110/381] Already clean: Ghostbusters (1984)\Ghostbusters (1984).mkv
[2026-09-07 01:32:15] [INFO] [111/381] Already clean: Gladiator (2000)\Gladiator (2000).mkv
[2026-09-07 01:32:15] [INFO] [112/381] Already clean: Gone Girl (2014)\Gone Girl (2014).mkv
[2026-09-07 01:32:15] [INFO] [113/381] Already clean: Good Will Hunting (1997)\Good Will Hunting (1997).mkv
[2026-09-07 01:32:15] [INFO] [114/381] Already clean: Goodfellas (1990)\Goodfellas (1990).mkv
[2026-09-07 01:32:15] [INFO] [115/381] Already clean: Gravity (2013)\Gravity (2013).mkv
[2026-09-07 01:32:16] [INFO] [116/381] Already clean: Green Book (2018)\Green Book (2018).mkv
[2026-09-07 01:32:16] [INFO] [117/381] Already clean: Greenland (2020)\Greenland (2020).mkv
[2026-09-07 01:32:16] [INFO] [118/381] Already clean: Groundhog Day (1993)\Groundhog Day (1993).mkv
[2026-09-07 01:32:16] [INFO] [119/381] Already clean: Grown Ups (2010)\Grown Ups (2010).mkv
[2026-09-07 01:32:16] [INFO] [120/381] Already clean: Guardians of the Galaxy (2014)\Guardians of the Galaxy (2014).mkv
[2026-09-07 01:32:17] [INFO] [121/381] Already clean: Hacksaw Ridge (2016)\Hacksaw Ridge (2016).mkv
[2026-09-07 01:32:17] [INFO] [122/381] Already clean: Happy Feet (2006)\Happy Feet (2006).mkv
[2026-09-07 01:32:17] [INFO] [123/381] Already clean: Happy Gilmore (1996)\Happy Gilmore (1996).mkv
[2026-09-07 01:32:17] [INFO] [124/381] Already clean: Harry Potter and the Chamber of Secrets (2002)\Harry Potter and the Chamber of Secrets (2002).mkv
[2026-09-07 01:32:17] [INFO] [125/381] Already clean: Harry Potter and the Deathly Hallows - Part 1 (2010)\Harry Potter and the Deathly Hallows - Part 1 (2010).mkv
[2026-09-07 01:32:17] [INFO] -- 125/381  cleaned 0  already 125  deferred 0  skipped 0  layout 0  errors 0  saved 0 Bytes  586.35 GB/1.77 TB  elapsed 24s  ~50s left
[2026-09-07 01:32:17] [INFO] [126/381] Already clean: Harry Potter and the Deathly Hallows - Part 2 (2011)\Harry Potter and the Deathly Hallows - Part 2 (2011).mkv
[2026-09-07 01:32:18] [INFO] [127/381] Already clean: Harry Potter and the Goblet of Fire (2005)\Harry Potter and the Goblet of Fire (2005).mkv
[2026-09-07 01:32:18] [INFO] [128/381] Already clean: Harry Potter and the Half-Blood Prince (2009)\Harry Potter and the Half-Blood Prince (2009).mkv
[2026-09-07 01:32:18] [INFO] [129/381] Already clean: Harry Potter and the Order of the Phoenix (2007)\Harry Potter and the Order of the Phoenix (2007).mkv
[2026-09-07 01:32:18] [INFO] [130/381] Already clean: Harry Potter and the Prisoner of Azkaban (2004)\Harry Potter and the Prisoner of Azkaban (2004).mkv
[2026-09-07 01:32:18] [INFO] [131/381] Already clean: Harry Potter and the Sorcerer's Stone (2001)\Harry Potter and the Sorcerer's Stone (2001).mkv
[2026-09-07 01:32:18] [INFO] [132/381] Already clean: Heat (1995)\Heat (1995).mkv
[2026-09-07 01:32:19] [INFO] [133/381] Already clean: Her (2013)\Her (2013).mkv
[2026-09-07 01:32:19] [INFO] [134/381] Already clean: Hercules (1997)\Hercules (1997).mkv
[2026-09-07 01:32:19] [INFO] [135/381] Already clean: Hereditary (2018)\Hereditary (2018).mkv
[2026-09-07 01:32:19] [INFO] [136/381] Already clean: Hidden Figures (2016)\Hidden Figures (2016).mkv
[2026-09-07 01:32:19] [INFO] [137/381] Already clean: Holes (2003)\Holes (2003).mkv
[2026-09-07 01:32:20] [INFO] [138/381] Already clean: Home Alone (1990)\Home Alone (1990).mkv
[2026-09-07 01:32:20] [INFO] [139/381] Already clean: Home Alone 2 - Lost in New York (1992)\Home Alone 2 - Lost in New York (1992).mkv
[2026-09-07 01:32:20] [INFO] [140/381] Already clean: How to Train Your Dragon (2010)\How to Train Your Dragon (2010).mkv
[2026-09-07 01:32:20] [INFO] [141/381] Already clean: I Am Legend (2007)\I Am Legend (2007).mkv
[2026-09-07 01:32:20] [INFO] [142/381] Already clean: I, Robot (2004)\I, Robot (2004).mkv
[2026-09-07 01:32:21] [INFO] [143/381] Already clean: I, Tonya (2017)\I, Tonya (2017).mkv
[2026-09-07 01:32:21] [INFO] [144/381] Already clean: Ice Age (2002)\Ice Age (2002).mkv
[2026-09-07 01:32:21] [INFO] [145/381] Already clean: Idiocracy (2006)\Idiocracy (2006).mkv
[2026-09-07 01:32:21] [INFO] [146/381] Already clean: Inception (2010)\Inception (2010).mkv
[2026-09-07 01:32:22] [INFO] [147/381] Already clean: Incredibles 2 (2018)\Incredibles 2 (2018).mkv
[2026-09-07 01:32:22] [INFO] [148/381] Already clean: Independence Day (1996)\Independence Day (1996).mkv
[2026-09-07 01:32:22] [INFO] [149/381] Already clean: Indiana Jones and the Last Crusade (1989)\Indiana Jones and the Last Crusade (1989).mkv
[2026-09-07 01:32:22] [INFO] [150/381] Already clean: Indiana Jones and the Raiders of the Lost Ark (1981)\Indiana Jones and the Raiders of the Lost Ark (1981).mkv
[2026-09-07 01:32:22] [INFO] -- 150/381  cleaned 0  already 150  deferred 0  skipped 0  layout 0  errors 0  saved 0 Bytes  707.46 GB/1.77 TB  elapsed 28s  ~45s left
[2026-09-07 01:32:22] [INFO] [151/381] Already clean: Indiana Jones and the Temple of Doom (1984)\Indiana Jones and the Temple of Doom (1984).mkv
[2026-09-07 01:32:22] [INFO] [152/381] Already clean: Inglourious Basterds (2009)\Inglourious Basterds (2009).mkv
[2026-09-07 01:32:23] [INFO] [153/381] Already clean: Insomnia (2002)\Insomnia (2002).mkv
[2026-09-07 01:32:23] [INFO] [154/381] Already clean: Interstellar (2014)\Interstellar (2014).mkv
[2026-09-07 01:32:23] [INFO] [155/381] Already clean: Into the Wild (2007)\Into the Wild (2007).mkv
[2026-09-07 01:32:23] [INFO] [156/381] Already clean: Iron Man (2008)\Iron Man (2008).mkv
[2026-09-07 01:32:23] [INFO] [157/381] Already clean: Iron Man 2 (2010)\Iron Man 2 (2010).mkv
[2026-09-07 01:32:24] [INFO] [158/381] Already clean: IT (2017)\IT (2017).mkv
[2026-09-07 01:32:24] [INFO] [159/381] Already clean: James and the Giant Peach (1996)\James and the Giant Peach (1996).mkv
[2026-09-07 01:32:24] [INFO] [160/381] Already clean: Jaws (1975)\Jaws (1975).mkv
[2026-09-07 01:32:24] [INFO] [161/381] Already clean: Jimmy Neutron Boy Genius (2001)\Jimmy Neutron Boy Genius (2001).mkv
[2026-09-07 01:32:24] [INFO] [162/381] Already clean: John Q (2002)\John Q (2002).mkv
[2026-09-07 01:32:25] [INFO] [163/381] Already clean: Joker (2019)\Joker (2019).mkv
[2026-09-07 01:32:25] [INFO] [164/381] Already clean: Jumanji (1995)\Jumanji (1995).mkv
[2026-09-07 01:32:25] [INFO] [165/381] Already clean: Juno (2007)\Juno (2007).mkv
[2026-09-07 01:32:25] [INFO] [166/381] Already clean: Jurassic Park (1993)\Jurassic Park (1993).mkv
[2026-09-07 01:32:25] [INFO] [167/381] Already clean: Jurassic World (2015)\Jurassic World (2015).mkv
[2026-09-07 01:32:26] [INFO] [168/381] Already clean: Kick-Ass (2010)\Kick-Ass (2010).mkv
[2026-09-07 01:32:26] [INFO] [169/381] Already clean: King Richard (2021)\King Richard (2021).mkv
[2026-09-07 01:32:26] [INFO] [170/381] Already clean: Knives Out (2019)\Knives Out (2019).mkv
[2026-09-07 01:32:26] [INFO] [171/381] Already clean: Knowing (2009)\Knowing (2009).mkv
[2026-09-07 01:32:26] [INFO] [172/381] Already clean: Kung Fu Panda (2008)\Kung Fu Panda (2008).mkv
[2026-09-07 01:32:27] [INFO] [173/381] Already clean: Legally Blonde (2001)\Legally Blonde (2001).mkv
[2026-09-07 01:32:27] [INFO] [174/381] Already clean: Logan (2017)\Logan (2017).mkv
[2026-09-07 01:32:27] [INFO] [175/381] Already clean: Lone Survivor (2013)\Lone Survivor (2013).mkv
[2026-09-07 01:32:27] [INFO] -- 175/381  cleaned 0  already 175  deferred 0  skipped 0  layout 0  errors 0  saved 0 Bytes  837.69 GB/1.77 TB  elapsed 34s  ~39s left
[2026-09-07 01:32:27] [INFO] [176/381] Already clean: Madagascar (2005)\Madagascar (2005).mkv
[2026-09-07 01:32:28] [INFO] [177/381] Already clean: Magnolia (1999)\Magnolia (1999).mkv
[2026-09-07 01:32:28] [INFO] [178/381] Already clean: Marty Supreme (2025)\Marty Supreme (2025).mkv
[2026-09-07 01:32:28] [INFO] [179/381] Already clean: Mean Girls (2004)\Mean Girls (2004).mkv
[2026-09-07 01:32:28] [INFO] [180/381] Already clean: Meet the Robinsons (2007)\Meet the Robinsons (2007).mkv
[2026-09-07 01:32:28] [INFO] [181/381] Already clean: Megamind (2010)\Megamind (2010).mkv
[2026-09-07 01:32:28] [INFO] [182/381] Already clean: Memento (2000)\Memento (2000).mkv
[2026-09-07 01:32:29] [INFO] [183/381] Already clean: Minority Report (2002)\Minority Report (2002).mkv
[2026-09-07 01:32:29] [INFO] [184/381] Already clean: Mission - Impossible - Fallout (2018)\Mission - Impossible - Fallout (2018).mkv
[2026-09-07 01:32:29] [INFO] [185/381] Already clean: Monsters University (2013)\Monsters University (2013).mkv
[2026-09-07 01:32:29] [INFO] [186/381] Already clean: Monsters, Inc (2001)\Monsters, Inc (2001).mkv
[2026-09-07 01:32:29] [INFO] [187/381] Already clean: Moon (2009)\Moon (2009).mkv
[2026-09-07 01:32:29] [INFO] [188/381] Already clean: Mulan (1998)\Mulan (1998).mkv
[2026-09-07 01:32:30] [INFO] [189/381] Already clean: Napoleon Dynamite (2004)\Napoleon Dynamite (2004).mkv
[2026-09-07 01:32:30] [INFO] [190/381] Already clean: National Lampoon's Christmas Vacation (1989)\National Lampoon's Christmas Vacation (1989).mkv
[2026-09-07 01:32:30] [INFO] [191/381] Already clean: National Treasure (2004)\National Treasure (2004).mkv
[2026-09-07 01:32:30] [INFO] [192/381] Already clean: National Treasure Book of Secrets (2007)\National Treasure Book of Secrets (2007).mkv
[2026-09-07 01:32:30] [INFO] [193/381] Already clean: Night at the Museum (2006)\Night at the Museum (2006).mkv
[2026-09-07 01:32:30] [INFO] [194/381] Already clean: Nightcrawler (2014)\Nightcrawler (2014).mkv
[2026-09-07 01:32:31] [INFO] [195/381] Already clean: No Country for Old Men (2007)\No Country for Old Men (2007).mkv
[2026-09-07 01:32:31] [INFO] [196/381] Already clean: Now You See Me (2013)\Now You See Me (2013).mkv
[2026-09-07 01:32:31] [INFO] [197/381] Already clean: Oblivion (2013)\Oblivion (2013).mkv
[2026-09-07 01:32:31] [INFO] [198/381] Already clean: Obsession (2026)\Obsession (2026).mkv
[2026-09-07 01:32:31] [INFO] [199/381] Already clean: October Sky (1999)\October Sky (1999).mkv
[2026-09-07 01:32:32] [INFO] [200/381] Already clean: Office Space (1999)\Office Space (1999).mkv
[2026-09-07 01:32:32] [INFO] -- 200/381  cleaned 0  already 200  deferred 0  skipped 0  layout 0  errors 0  saved 0 Bytes  943.33 GB/1.77 TB  elapsed 38s  ~35s left
[2026-09-07 01:32:32] [INFO] [201/381] Already clean: One Flew Over the Cuckoo's Nest (1975)\One Flew Over the Cuckoo's Nest (1975).mkv
[2026-09-07 01:32:32] [INFO] [202/381] Already clean: Open Season (2006)\Open Season (2006).mkv
[2026-09-07 01:32:32] [INFO] [203/381] Already clean: Oppenheimer (2023)\Oppenheimer (2023).mkv
[2026-09-07 01:32:32] [INFO] [204/381] Already clean: Osmosis Jones (2001)\Osmosis Jones (2001).mkv
[2026-09-07 01:32:32] [INFO] [205/381] Already clean: Over the Hedge (2006)\Over the Hedge (2006).mkv
[2026-09-07 01:32:33] [INFO] [206/381] Already clean: Parasite (2019)\Parasite (2019).mkv
[2026-09-07 01:32:33] [INFO] [207/381] Already clean: Pearl (2022)\Pearl (2022).mkv
[2026-09-07 01:32:33] [INFO] [208/381] Already clean: Pineapple Express (2008)\Pineapple Express (2008).mkv
[2026-09-07 01:32:33] [INFO] [209/381] Already clean: Pirates of the Caribbean At World's End (2007)\Pirates of the Caribbean At World's End (2007).mkv
[2026-09-07 01:32:33] [INFO] [210/381] Already clean: Pirates of the Caribbean Dead Man's Chest (2006)\Pirates of the Caribbean Dead Man's Chest (2006).mkv
[2026-09-07 01:32:33] [INFO] [211/381] Already clean: Pirates of the Caribbean The Curse of the Black Pearl (2003)\Pirates of the Caribbean The Curse of the Black Pearl (2003).mkv
[2026-09-07 01:32:34] [INFO] [212/381] Already clean: Pitch Perfect (2012)\Pitch Perfect (2012).mkv
[2026-09-07 01:32:34] [INFO] [213/381] Already clean: Prisoners (2013)\Prisoners (2013).mkv
[2026-09-07 01:32:34] [INFO] [214/381] Already clean: Project Hail Mary (2026)\Project Hail Mary (2026).mkv
[2026-09-07 01:32:34] [INFO] [215/381] Already clean: Project X (2012)\Project X (2012).mkv
[2026-09-07 01:32:34] [INFO] [216/381] Already clean: Pulp Fiction (1994)\Pulp Fiction (1994).mkv
[2026-09-07 01:32:34] [INFO] [217/381] Already clean: Ratatouille (2007)\Ratatouille (2007).mkv
[2026-09-07 01:32:35] [INFO] [218/381] Already clean: Ready Player One (2018)\Ready Player One (2018).mkv
[2026-09-07 01:32:35] [INFO] [219/381] Already clean: Real Steel (2011)\Real Steel (2011).mkv
[2026-09-07 01:32:35] [INFO] [220/381] Already clean: Remember the Titans (2000)\Remember the Titans (2000).mkv
[2026-09-07 01:32:35] [INFO] [221/381] Already clean: Requiem for a Dream (2000)\Requiem for a Dream (2000).mkv
[2026-09-07 01:32:35] [INFO] [222/381] Already clean: Rise of the Planet of the Apes (2011)\Rise of the Planet of the Apes (2011).mkv
[2026-09-07 01:32:36] [INFO] [223/381] Already clean: Robots (2005)\Robots (2005).mkv
[2026-09-07 01:32:36] [INFO] [224/381] Already clean: Rocky (1976)\Rocky (1976).mkv
[2026-09-07 01:32:36] [INFO] [225/381] Already clean: Room (2015)\Room (2015).mkv
[2026-09-07 01:32:36] [INFO] -- 225/381  cleaned 0  already 225  deferred 0  skipped 0  layout 0  errors 0  saved 0 Bytes  1.03 TB/1.77 TB  elapsed 42s  ~30s left
[2026-09-07 01:32:36] [INFO] [226/381] Already clean: Sausage Party (2016)\Sausage Party (2016).mkv
[2026-09-07 01:32:36] [INFO] [227/381] Already clean: Saving Private Ryan (1998)\Saving Private Ryan (1998).mkv
[2026-09-07 01:32:37] [INFO] [228/381] Already clean: Saw (2004)\Saw (2004).mkv
[2026-09-07 01:32:37] [INFO] [229/381] Already clean: Scarface (1983)\Scarface (1983).mkv
[2026-09-07 01:32:37] [INFO] [230/381] Already clean: Schindler's List (1993)\Schindler's List (1993).mkv
[2026-09-07 01:32:37] [INFO] [231/381] Already clean: Scream (1996)\Scream (1996).mkv
[2026-09-07 01:32:37] [INFO] [232/381] Already clean: Se7en (1995)\Se7en (1995).mkv
[2026-09-07 01:32:38] [INFO] [233/381] Already clean: Shark Tale (2004)\Shark Tale (2004).mkv
[2026-09-07 01:32:38] [INFO] [234/381] Already clean: Shazam! (2019)\Shazam! (2019).mkv
[2026-09-07 01:32:38] [INFO] [235/381] Already clean: Shrek (2001)\Shrek (2001).mkv
[2026-09-07 01:32:38] [INFO] [236/381] Already clean: Shrek 2 (2004)\Shrek 2 (2004).mkv
[2026-09-07 01:32:38] [INFO] [237/381] Already clean: Shrek Forever After (2010)\Shrek Forever After (2010).mkv
[2026-09-07 01:32:38] [INFO] [238/381] Already clean: Shutter Island (2010)\Shutter Island (2010).mkv
[2026-09-07 01:32:39] [INFO] [239/381] Already clean: Sicario (2015)\Sicario (2015).mkv
[2026-09-07 01:32:39] [INFO] [240/381] Already clean: Signs (2002)\Signs (2002).mkv
[2026-09-07 01:32:39] [INFO] [241/381] Already clean: Sinister (2012)\Sinister (2012).mkv
[2026-09-07 01:32:39] [INFO] [242/381] Already clean: Sinners (2025)\Sinners (2025).mkv
[2026-09-07 01:32:39] [INFO] [243/381] Already clean: Skyfall (2012)\Skyfall (2012).mkv
[2026-09-07 01:32:40] [INFO] [244/381] Already clean: Slumdog Millionaire (2008)\Slumdog Millionaire (2008).mkv
[2026-09-07 01:32:40] [INFO] [245/381] Already clean: Snatch (2000)\Snatch (2000).mkv
[2026-09-07 01:32:40] [INFO] [246/381] Already clean: Snowden (2016)\Snowden (2016).mkv
[2026-09-07 01:32:40] [INFO] [247/381] Already clean: Source Code (2011)\Source Code (2011).mkv
[2026-09-07 01:32:40] [INFO] [248/381] Already clean: Spaceballs (1987)\Spaceballs (1987).mkv
[2026-09-07 01:32:41] [INFO] [249/381] Already clean: Spider-Man (2002)\Spider-Man (2002).mkv
[2026-09-07 01:32:41] [INFO] [250/381] Already clean: Spider-Man - Across the Spider-Verse (2023)\Spider-Man - Across the Spider-Verse (2023).mkv
[2026-09-07 01:32:41] [INFO] -- 250/381  cleaned 0  already 250  deferred 0  skipped 0  layout 0  errors 0  saved 0 Bytes  1.15 TB/1.77 TB  elapsed 47s  ~25s left
[2026-09-07 01:32:41] [INFO] [251/381] Already clean: Spider-Man - Homecoming (2017)\Spider-Man - Homecoming (2017).mkv
[2026-09-07 01:32:41] [INFO] [252/381] Already clean: Spider-Man - Into the Spider-Verse (2018)\Spider-Man - Into the Spider-Verse (2018).mkv
[2026-09-07 01:32:41] [INFO] [253/381] Already clean: Spider-Man 2 (2004)\Spider-Man 2 (2004).mkv
[2026-09-07 01:32:42] [INFO] [254/381] Already clean: Spider-Man No Way Home (2021)\Spider-Man No Way Home (2021).mkv
[2026-09-07 01:32:42] [INFO] [255/381] Already clean: Spirited Away (2001)\Spirited Away (2001).mkv
[2026-09-07 01:32:42] [INFO] [256/381] Already clean: Split (2016)\Split (2016).mkv
[2026-09-07 01:32:42] [INFO] [257/381] Already clean: Stalker (1979)\Stalker (1979).mkv
[2026-09-07 01:32:43] [INFO] [258/381] Already clean: Stand by Me (1986)\Stand by Me (1986).mkv
[2026-09-07 01:32:43] [INFO] [259/381] Already clean: Star Trek (2009)\Star Trek (2009).mkv
[2026-09-07 01:32:43] [INFO] [260/381] Already clean: Star Trek - Into Darkness (2013)\Star Trek - Into Darkness (2013).mkv
[2026-09-07 01:32:43] [INFO] [261/381] Already clean: Star Wars - Episode I - The Phantom Menace (1999)\Star Wars - Episode I - The Phantom Menace (1999).mkv
[2026-09-07 01:32:43] [INFO] [262/381] Already clean: Star Wars - Episode II - Attack of the Clones (2002)\Star Wars - Episode II - Attack of the Clones (2002).mkv
[2026-09-07 01:32:44] [INFO] [263/381] Already clean: Star Wars - Episode III - Revenge of the Sith (2005)\Star Wars - Episode III - Revenge of the Sith (2005).mkv
[2026-09-07 01:32:44] [INFO] [264/381] Already clean: Star Wars - Episode IV - A New Hope (1977)\Star Wars - Episode IV - A New Hope (1977).mkv
[2026-09-07 01:32:44] [INFO] [265/381] Already clean: Star Wars - Episode V - The Empire Strikes Back (1980)\Star Wars - Episode V - The Empire Strikes Back (1980).mkv
[2026-09-07 01:32:44] [INFO] [266/381] Already clean: Star Wars - Episode VI - Return of the Jedi (1983)\Star Wars - Episode VI - Return of the Jedi (1983).mkv
[2026-09-07 01:32:44] [INFO] [267/381] Already clean: Straight Outta Compton (2015)\Straight Outta Compton (2015).mkv
[2026-09-07 01:32:44] [INFO] [268/381] Already clean: Super 8 (2011)\Super 8 (2011).mkv
[2026-09-07 01:32:45] [INFO] [269/381] Already clean: Superbad (2007)\Superbad (2007).mkv
[2026-09-07 01:32:45] [INFO] [270/381] Already clean: Surf's Up (2007)\Surf's Up (2007).mkv
[2026-09-07 01:32:45] [INFO] [271/381] Already clean: Taken (2008)\Taken (2008).mkv
[2026-09-07 01:32:45] [INFO] [272/381] Already clean: Tangled (2010)\Tangled (2010).mkv
[2026-09-07 01:32:45] [INFO] [273/381] Already clean: Taxi Driver (1976)\Taxi Driver (1976).mkv
[2026-09-07 01:32:46] [INFO] [274/381] Already clean: Ted (2012)\Ted (2012).mkv
[2026-09-07 01:32:46] [INFO] [275/381] Already clean: Tenet (2020)\Tenet (2020).mkv
[2026-09-07 01:32:46] [INFO] -- 275/381  cleaned 0  already 275  deferred 0  skipped 0  layout 0  errors 0  saved 0 Bytes  1.27 TB/1.77 TB  elapsed 52s  ~20s left
[2026-09-07 01:32:46] [INFO] [276/381] Already clean: Terminator 2 - Judgment Day (1991)\Terminator 2 - Judgment Day (1991).mkv
[2026-09-07 01:32:46] [INFO] [277/381] Already clean: Tetris (2023)\Tetris (2023).mkv
[2026-09-07 01:32:47] [INFO] [278/381] Already clean: The Accountant (2016)\The Accountant (2016).mkv
[2026-09-07 01:32:47] [INFO] [279/381] Already clean: The Amazing Spider-Man (2012)\The Amazing Spider-Man (2012).mkv
[2026-09-07 01:32:47] [INFO] [280/381] Already clean: The Avengers (2012)\The Avengers (2012).mkv
[2026-09-07 01:32:47] [INFO] [281/381] Already clean: The Batman (2022)\The Batman (2022).mkv
[2026-09-07 01:32:47] [INFO] [282/381] Already clean: The Big Lebowski (1998)\The Big Lebowski (1998).mkv
[2026-09-07 01:32:48] [INFO] [283/381] Already clean: The Big Short (2015)\The Big Short (2015).mkv
[2026-09-07 01:32:48] [INFO] [284/381] Already clean: The Book of Eli (2010)\The Book of Eli (2010).mkv
[2026-09-07 01:32:48] [INFO] [285/381] Already clean: The Bourne Identity (2002)\The Bourne Identity (2002).mkv
[2026-09-07 01:32:48] [INFO] [286/381] Already clean: The Bourne Supremacy (2004)\The Bourne Supremacy (2004).mkv
[2026-09-07 01:32:48] [INFO] [287/381] Already clean: The Bourne Ultimatum (2007)\The Bourne Ultimatum (2007).mkv
[2026-09-07 01:32:48] [INFO] [288/381] Already clean: The Boy in the Striped Pyjamas (2008)\The Boy in the Striped Pyjamas (2008).mkv
[2026-09-07 01:32:49] [INFO] [289/381] Already clean: The Breakfast Club (1985)\The Breakfast Club (1985).mkv
[2026-09-07 01:32:49] [INFO] [290/381] Already clean: The Curious Case of Benjamin Button (2008)\The Curious Case of Benjamin Button (2008).mkv
[2026-09-07 01:32:49] [INFO] [291/381] Already clean: The Dark Knight (2008)\The Dark Knight (2008).mkv
[2026-09-07 01:32:49] [INFO] [292/381] Already clean: The Dark Knight Rises (2012)\The Dark Knight Rises (2012).mkv
[2026-09-07 01:32:49] [INFO] [293/381] Already clean: The Day After (1983)\The Day After (1983).mkv
[2026-09-07 01:32:50] [INFO] [294/381] Already clean: The Departed (2006)\The Departed (2006).mkv
[2026-09-07 01:32:50] [INFO] [295/381] Already clean: The Edge of Seventeen (2016)\The Edge of Seventeen (2016).mkv
[2026-09-07 01:32:50] [INFO] [296/381] Already clean: The Emperor's New Groove (2000)\The Emperor's New Groove (2000).mkv
[2026-09-07 01:32:50] [INFO] [297/381] Already clean: The Fast and the Furious (2001)\The Fast and the Furious (2001).mkv
[2026-09-07 01:32:50] [INFO] [298/381] Already clean: The Founder (2016)\The Founder (2016).mkv
[2026-09-07 01:32:51] [INFO] [299/381] Already clean: The Godfather (1972)\The Godfather (1972).mkv
[2026-09-07 01:32:51] [INFO] [300/381] Already clean: The Godfather - Part II (1974)\The Godfather - Part II (1974).mkv
[2026-09-07 01:32:51] [INFO] -- 300/381  cleaned 0  already 300  deferred 0  skipped 0  layout 0  errors 0  saved 0 Bytes  1.39 TB/1.77 TB  elapsed 57s  ~15s left
[2026-09-07 01:32:51] [INFO] [301/381] Already clean: The Goonies (1985)\The Goonies (1985).mkv
[2026-09-07 01:32:51] [INFO] [302/381] Already clean: The Green Mile (1999)\The Green Mile (1999).mkv
[2026-09-07 01:32:51] [INFO] [303/381] Already clean: The Hangover (2009)\The Hangover (2009).mkv
[2026-09-07 01:32:51] [INFO] [304/381] Already clean: The Help (2011)\The Help (2011).mkv
[2026-09-07 01:32:52] [INFO] [305/381] Already clean: The Hunger Games (2012)\The Hunger Games (2012).mkv
[2026-09-07 01:32:52] [INFO] [306/381] Already clean: The Hunger Games - Mockingjay - Part 1 (2014)\The Hunger Games - Mockingjay - Part 1 (2014).mkv
[2026-09-07 01:32:52] [INFO] [307/381] Already clean: The Hunger Games - Mockingjay - Part 2 (2015)\The Hunger Games - Mockingjay - Part 2 (2015).mkv
[2026-09-07 01:32:52] [INFO] [308/381] Already clean: The Hunger Games Catching Fire (2013)\The Hunger Games Catching Fire (2013).mkv
[2026-09-07 01:32:53] [INFO] [309/381] Already clean: The Hurt Locker (2008)\The Hurt Locker (2008).mkv
[2026-09-07 01:32:53] [INFO] [310/381] Already clean: The Imitation Game (2014)\The Imitation Game (2014).mkv
[2026-09-07 01:32:53] [INFO] [311/381] Already clean: The Incredibles (2004)\The Incredibles (2004).mkv
[2026-09-07 01:32:53] [INFO] [312/381] Already clean: The Interview (2014)\The Interview (2014).mkv
[2026-09-07 01:32:53] [INFO] [313/381] Already clean: The Invisible Man (2020)\The Invisible Man (2020).mkv
[2026-09-07 01:32:54] [INFO] [314/381] Already clean: The Karate Kid (1984)\The Karate Kid (1984).mkv
[2026-09-07 01:32:54] [INFO] [315/381] Already clean: The Longest Yard (2005)\The Longest Yard (2005).mkv
[2026-09-07 01:32:54] [INFO] [316/381] Already clean: The Lord of the Rings The Fellowship of the Ring (2001)\The Lord of the Rings The Fellowship of the Ring (2001).mkv
[2026-09-07 01:32:54] [INFO] [317/381] Already clean: The Lord of the Rings The Return of the King (2003)\The Lord of the Rings The Return of the King (2003).mkv
[2026-09-07 01:32:54] [INFO] [318/381] Already clean: The Lord of the Rings The Two Towers (2002)\The Lord of the Rings The Two Towers (2002).mkv
[2026-09-07 01:32:54] [INFO] [319/381] Already clean: The Martian (2015)\The Martian (2015).mkv
[2026-09-07 01:32:55] [INFO] [320/381] Already clean: The Matrix (1999)\The Matrix (1999).mkv
[2026-09-07 01:32:55] [INFO] [321/381] Already clean: The Maze Runner (2014)\The Maze Runner (2014).mkv
[2026-09-07 01:32:55] [INFO] [322/381] Already clean: The Nightmare Before Christmas (1993)\The Nightmare Before Christmas (1993).mkv
[2026-09-07 01:32:55] [INFO] [323/381] Already clean: The Polar Express (2004)\The Polar Express (2004).mkv
[2026-09-07 01:32:55] [INFO] [324/381] Already clean: The Prestige (2006)\The Prestige (2006).mkv
[2026-09-07 01:32:56] [INFO] [325/381] Already clean: The Princess and the Frog (2009)\The Princess and the Frog (2009).mkv
[2026-09-07 01:32:56] [INFO] -- 325/381  cleaned 0  already 325  deferred 0  skipped 0  layout 0  errors 0  saved 0 Bytes  1.51 TB/1.77 TB  elapsed 1m 02s  ~10s left
[2026-09-07 01:32:56] [INFO] [326/381] Already clean: The Proposal (2009)\The Proposal (2009).mkv
[2026-09-07 01:32:56] [INFO] [327/381] Already clean: The Revenant (2015)\The Revenant (2015).mkv
[2026-09-07 01:32:56] [INFO] [328/381] Already clean: The Sandlot (1993)\The Sandlot (1993).mkv
[2026-09-07 01:32:56] [INFO] [329/381] Already clean: The Shawshank Redemption (1994)\The Shawshank Redemption (1994).mkv
[2026-09-07 01:32:56] [INFO] [330/381] Already clean: The Silence of the Lambs (1991)\The Silence of the Lambs (1991).mkv
[2026-09-07 01:32:57] [INFO] [331/381] Already clean: The Sixth Sense (1999)\The Sixth Sense (1999).mkv
[2026-09-07 01:32:57] [INFO] [332/381] Already clean: The Social Network (2010)\The Social Network (2010).mkv
[2026-09-07 01:32:57] [INFO] [333/381] Already clean: The Substance (2024)\The Substance (2024).mkv
[2026-09-07 01:32:57] [INFO] [334/381] Already clean: The Terminator (1984)\The Terminator (1984).mkv
[2026-09-07 01:32:58] [INFO] [335/381] Already clean: The Theory of Everything (2014)\The Theory of Everything (2014).mkv
[2026-09-07 01:32:58] [INFO] [336/381] Already clean: The Thing (1982)\The Thing (1982).mkv
[2026-09-07 01:32:58] [INFO] [337/381] Already clean: The Truman Show (1998)\The Truman Show (1998).mkv
[2026-09-07 01:32:58] [INFO] [338/381] Already clean: The Usual Suspects (1995)\The Usual Suspects (1995).mkv
[2026-09-07 01:32:58] [INFO] [339/381] Already clean: The Wild Robot (2024)\The Wild Robot (2024).mkv
[2026-09-07 01:32:58] [INFO] [340/381] Already clean: The Wolf of Wall Street (2013)\The Wolf of Wall Street (2013).mkv
[2026-09-07 01:32:59] [INFO] [341/381] Already clean: There Will Be Blood (2007)\There Will Be Blood (2007).mkv
[2026-09-07 01:32:59] [INFO] [342/381] Already clean: This Christmas (2007)\This Christmas (2007).mkv
[2026-09-07 01:32:59] [INFO] [343/381] Already clean: This Is the End (2013)\This Is the End (2013).mkv
[2026-09-07 01:32:59] [INFO] [344/381] Already clean: Thor - Ragnarok (2017)\Thor - Ragnarok (2017).mkv
[2026-09-07 01:32:59] [INFO] [345/381] Already clean: Threads (1984)\Threads (1984).mkv
[2026-09-07 01:33:00] [INFO] [346/381] Already clean: Titanic (1997)\Titanic (1997).mkv
[2026-09-07 01:33:00] [INFO] [347/381] Already clean: Top Gun (1986)\Top Gun (1986).mkv
[2026-09-07 01:33:00] [INFO] [348/381] Already clean: Top Gun - Maverick (2022)\Top Gun - Maverick (2022).mkv
[2026-09-07 01:33:00] [INFO] [349/381] Already clean: Toy Story (1995)\Toy Story (1995).mkv
[2026-09-07 01:33:00] [INFO] [350/381] Already clean: Toy Story 2 (1999)\Toy Story 2 (1999).mkv
[2026-09-07 01:33:00] [INFO] -- 350/381  cleaned 0  already 350  deferred 0  skipped 0  layout 0  errors 0  saved 0 Bytes  1.63 TB/1.77 TB  elapsed 1m 07s  ~5.9s left
[2026-09-07 01:33:00] [INFO] [351/381] Already clean: Toy Story 3 (2010)\Toy Story 3 (2010).mkv
[2026-09-07 01:33:01] [INFO] [352/381] Already clean: Toy Story 4 (2019)\Toy Story 4 (2019).mkv
[2026-09-07 01:33:01] [INFO] [353/381] Already clean: Toy Story 5 (2026)\Toy Story 5 (2026).mkv
[2026-09-07 01:33:01] [INFO] [354/381] Already clean: Training Day (2001)\Training Day (2001).mkv
[2026-09-07 01:33:01] [INFO] [355/381] Already clean: Transformers (2007)\Transformers (2007).mkv
[2026-09-07 01:33:01] [INFO] [356/381] Already clean: Transformers Dark Of The Moon (2011)\Transformers Dark Of The Moon (2011).mkv
[2026-09-07 01:33:02] [INFO] [357/381] Already clean: Transformers Revenge of the Fallen (2009)\Transformers Revenge of the Fallen (2009).mkv
[2026-09-07 01:33:02] [INFO] [358/381] Already clean: Treasure Planet (2002)\Treasure Planet (2002).mkv
[2026-09-07 01:33:02] [INFO] [359/381] Already clean: TRON - Legacy (2010)\TRON - Legacy (2010).mkv
[2026-09-07 01:33:02] [INFO] [360/381] Already clean: Turtles Forever (2009)\Turtles Forever (2009).mkv
[2026-09-07 01:33:02] [INFO] [361/381] Already clean: Twelve Monkeys (1995)\Twelve Monkeys (1995).mkv
[2026-09-07 01:33:02] [INFO] [362/381] Already clean: Uncut Gems (2019)\Uncut Gems (2019).mkv
[2026-09-07 01:33:03] [INFO] [363/381] Already clean: United 93 (2006)\United 93 (2006).mkv
[2026-09-07 01:33:03] [INFO] [364/381] Already clean: Us (2019)\Us (2019).mkv
[2026-09-07 01:33:03] [INFO] [365/381] Already clean: V for Vendetta (2005)\V for Vendetta (2005).mkv
[2026-09-07 01:33:03] [INFO] [366/381] Already clean: WALL-E (2008)\WALL-E (2008).mkv
[2026-09-07 01:33:03] [INFO] [367/381] Already clean: Wallace & Gromit - The Curse of the Were-Rabbit (2005)\Wallace & Gromit - The Curse of the Were-Rabbit (2005).mkv
[2026-09-07 01:33:03] [INFO] [368/381] Already clean: War Dogs (2016)\War Dogs (2016).mkv
[2026-09-07 01:33:04] [INFO] [369/381] Already clean: War for the Planet of the Apes (2017)\War for the Planet of the Apes (2017).mkv
[2026-09-07 01:33:04] [INFO] [370/381] Already clean: WarGames (1983)\WarGames (1983).mkv
[2026-09-07 01:33:04] [INFO] [371/381] Already clean: Warrior (2011)\Warrior (2011).mkv
[2026-09-07 01:33:04] [INFO] [372/381] Already clean: We're the Millers (2013)\We're the Millers (2013).mkv
[2026-09-07 01:33:04] [INFO] [373/381] Already clean: Weapons (2025)\Weapons (2025).mkv
[2026-09-07 01:33:05] [INFO] [374/381] Already clean: Whiplash (2014)\Whiplash (2014).mkv
[2026-09-07 01:33:05] [INFO] [375/381] Already clean: Willy Wonka & the Chocolate Factory (1971)\Willy Wonka & the Chocolate Factory (1971).mkv
[2026-09-07 01:33:05] [INFO] -- 375/381  cleaned 0  already 375  deferred 0  skipped 0  layout 0  errors 0  saved 0 Bytes  1.74 TB/1.77 TB  elapsed 1m 11s  ~1.1s left
[2026-09-07 01:33:05] [INFO] [376/381] Already clean: World War Z (2013)\World War Z (2013).mkv
[2026-09-07 01:33:05] [INFO] [377/381] Already clean: Wreck-It Ralph (2012)\Wreck-It Ralph (2012).mkv
[2026-09-07 01:33:05] [INFO] [378/381] Already clean: Zathura - A Space Adventure (2005)\Zathura - A Space Adventure (2005).mkv
[2026-09-07 01:33:06] [INFO] [379/381] Already clean: Zero Dark Thirty (2012)\Zero Dark Thirty (2012).mkv
[2026-09-07 01:33:06] [INFO] [380/381] Already clean: Zootopia (2016)\Zootopia (2016).mkv
[2026-09-07 01:33:06] [INFO] [381/381] Already clean: Zootopia 2 (2025)\Zootopia 2 (2025).mkv
[2026-09-07 01:33:06] [INFO] -- 381/381  cleaned 0  already 381  deferred 0  skipped 0  layout 0  errors 0  saved 0 Bytes  1.77 TB/1.77 TB  elapsed 1m 12s  ~0.0s left
[2026-09-07 01:33:07] [INFO] Metadata cache: 0 reused, 381 read from mkvmerge.
[2026-09-07 01:33:07] [INFO] State cache: 381 verdict(s) recorded for `organize status`.
[2026-09-07 01:33:07] [INFO] Detailed summary report saved to: 'E:\torrents\tools\ReportsAndLogs\mkv_track_cleaner\mkv_track_cleaner_report.txt'
