2026-09-02 20:53:59 [INFO] Found 382 eligible movies. UTC local reservations: OpenSubtitles downloads 0/100 · SubDL downloads 0/50; searches 0/2000 · Subf2m.co searches 0/20 · Podnapisi.NET searches 0/20 · Addic7ed.com searches 0/20 · SubSource.net searches 0/20 · Subsunacs.net searches 0/20 · YIFY Subtitles searches 0/20 · Subs.sab.bz searches 0/20.
2026-09-02 20:53:59 [INFO] [001/382] HAVE     10 Cloverfield Lane (2016)\10 Cloverfield Lane (2016).mkv — validated covering sidecar 10 Cloverfield Lane (2016).eng.srt
2026-09-02 20:53:59 [INFO] [002/382] HAVE     10 Things I Hate About You (1999)\10 Things I Hate About You (1999).mkv — validated covering sidecar 10 Things I Hate About You (1999).eng.srt
2026-09-02 20:53:59 [INFO] [003/382] HAVE     12 Years a Slave (2013)\12 Years a Slave (2013).mkv — validated covering sidecar 12 Years a Slave (2013).eng.srt
2026-09-02 20:53:59 [INFO] [004/382] HAVE     13 Hours - The Secret Soldiers of Benghazi (2016)\13 Hours - The Secret Soldiers of Benghazi (2016).mkv — validated covering sidecar 13 Hours - The Secret Soldiers of Benghazi (2016).eng.srt
2026-09-02 20:53:59 [INFO] [005/382] HAVE     1917 (2019)\1917 (2019).mkv — validated covering sidecar 1917 (2019).eng.srt
2026-09-02 20:53:59 [INFO] [006/382] HAVE     2001 - A Space Odyssey (1968)\2001 - A Space Odyssey (1968).mkv — validated covering sidecar 2001 - A Space Odyssey (1968).eng.srt
2026-09-02 20:53:59 [INFO] [007/382] HAVE     21 Jump Street (2012)\21 Jump Street (2012).mkv — validated covering sidecar 21 Jump Street (2012).eng.srt
2026-09-02 20:53:59 [INFO] [008/382] HAVE     22 Jump Street (2014)\22 Jump Street (2014).mkv — validated covering sidecar 22 Jump Street (2014).eng.srt
2026-09-02 20:53:59 [INFO] [009/382] HAVE     300 (2006)\300 (2006).mkv — validated covering sidecar 300 (2006).eng.srt
2026-09-02 20:53:59 [INFO] [010/382] HAVE     42 (2013)\42 (2013).mkv — validated covering sidecar 42 (2013).eng.sdh.srt
2026-09-02 20:53:59 [INFO] [011/382] HAVE     50 First Dates (2004)\50 First Dates (2004).mkv — validated covering sidecar 50 First Dates (2004).eng.srt
2026-09-02 20:53:59 [INFO] [012/382] HAVE     500 Days of Summer (2009)\500 Days of Summer (2009).mkv — validated covering sidecar 500 Days of Summer (2009).eng.srt
2026-09-02 20:53:59 [INFO] [013/382] HAVE     8 Mile (2002)\8 Mile (2002).mkv — validated covering sidecar 8 Mile (2002).eng.srt
2026-09-02 20:53:59 [INFO] [014/382] HAVE     9 (2009)\9 (2009).mkv — validated covering sidecar 9 (2009).eng.srt
2026-09-02 20:53:59 [INFO] [015/382] HAVE     A Beautiful Mind (2001)\A Beautiful Mind (2001).mkv — validated covering sidecar A Beautiful Mind (2001).eng.srt
2026-09-02 20:53:59 [INFO] [016/382] HAVE     A Christmas Story (1983)\A Christmas Story (1983).mkv — validated covering sidecar A Christmas Story (1983).eng.srt
2026-09-02 20:53:59 [INFO] [017/382] HAVE     A I Artificial Intelligence (2001)\A I Artificial Intelligence (2001).mkv — validated covering sidecar A I Artificial Intelligence (2001).eng.srt
2026-09-02 20:53:59 [INFO] [018/382] HAVE     A Quiet Place (2018)\A Quiet Place (2018).mkv — validated covering sidecar A Quiet Place (2018).eng.srt
2026-09-02 20:53:59 [INFO] [019/382] HAVE     A Quiet Place Part II (2021)\A Quiet Place Part II (2021).mkv — validated covering sidecar A Quiet Place Part II (2021).eng.srt
2026-09-02 20:53:59 [INFO] [020/382] HAVE     About Time (2013)\About Time (2013).mkv — validated covering sidecar About Time (2013).eng.srt
2026-09-02 20:53:59 [INFO] [021/382] HAVE     Accepted (2006)\Accepted (2006).mkv — validated covering sidecar Accepted (2006).eng.srt
2026-09-02 20:53:59 [INFO] [022/382] HAVE     Air (2023)\Air (2023).mkv — validated covering sidecar Air (2023).eng.sdh.srt
2026-09-02 20:53:59 [INFO] [023/382] HAVE     Aladdin (1992)\Aladdin (1992).mkv — validated covering sidecar Aladdin (1992).eng.srt
2026-09-02 20:53:59 [INFO] [024/382] HAVE     Alien (1979)\Alien (1979).mkv — validated covering sidecar Alien (1979).eng.sdh.srt
2026-09-02 20:53:59 [INFO] [025/382] HAVE     Aliens (1986)\Aliens (1986).mkv — validated covering sidecar Aliens (1986).eng.srt
2026-09-02 20:53:59 [INFO] [026/382] HAVE     All Quiet on the Western Front (2022)\All Quiet on the Western Front (2022).mkv — validated covering sidecar All Quiet on the Western Front (2022).eng.sdh.srt
2026-09-02 20:53:59 [INFO] [027/382] HAVE     American History X (1998)\American History X (1998).mkv — validated covering sidecar American History X (1998).eng.srt
2026-09-02 20:53:59 [INFO] [028/382] HAVE     American Pie (1999)\American Pie (1999).mkv — validated covering sidecar American Pie (1999).eng.srt
2026-09-02 20:53:59 [INFO] [029/382] HAVE     American Psycho (2000)\American Psycho (2000).mkv — validated covering sidecar American Psycho (2000).eng.srt
2026-09-02 20:53:59 [INFO] [030/382] HAVE     American Sniper (2014)\American Sniper (2014).mkv — validated covering sidecar American Sniper (2014).eng.srt
2026-09-02 20:53:59 [INFO] [031/382] HAVE     Annihilation (2018)\Annihilation (2018).mkv — validated covering sidecar Annihilation (2018).eng.srt
2026-09-02 20:53:59 [INFO] [032/382] HAVE     Apollo 13 (1995)\Apollo 13 (1995).mkv — validated covering sidecar Apollo 13 (1995).eng.sdh.srt
2026-09-02 20:53:59 [INFO] [033/382] HAVE     Arrival (2016)\Arrival (2016).mkv — validated covering sidecar Arrival (2016).eng.srt
2026-09-02 20:53:59 [INFO] [034/382] HAVE     Avatar (2009)\Avatar (2009).mkv — validated covering sidecar Avatar (2009).eng.srt
2026-09-02 20:53:59 [INFO] [035/382] HAVE     Avengers Age of Ultron (2015)\Avengers Age of Ultron (2015).mkv — validated covering sidecar Avengers Age of Ultron (2015).eng.srt
2026-09-02 20:54:00 [INFO] [036/382] HAVE     Avengers Endgame (2019)\Avengers Endgame (2019).mkv — validated covering sidecar Avengers Endgame (2019).eng.srt
2026-09-02 20:54:00 [INFO] [037/382] HAVE     Avengers Infinity War (2018)\Avengers Infinity War (2018).mkv — validated covering sidecar Avengers Infinity War (2018).eng.srt
2026-09-02 20:54:00 [INFO] [038/382] HAVE     Back to the Future (1985)\Back to the Future (1985).mkv — validated covering sidecar Back to the Future (1985).eng.srt
2026-09-02 20:54:00 [INFO] [039/382] HAVE     Back to the Future Part II (1989)\Back to the Future Part II (1989).mkv — validated covering sidecar Back to the Future Part II (1989).eng.srt
2026-09-02 20:54:00 [INFO] [040/382] HAVE     Back to the Future Part III (1990)\Back to the Future Part III (1990).mkv — validated covering sidecar Back to the Future Part III (1990).eng.srt
2026-09-02 20:54:00 [INFO] [041/382] HAVE     Backrooms (2026)\Backrooms (2026).mkv — validated covering sidecar Backrooms (2026).eng.sdh.srt
2026-09-02 20:54:00 [INFO] [042/382] HAVE     Barbie (2023)\Barbie (2023).mkv — validated covering sidecar Barbie (2023).eng.srt
2026-09-02 20:54:00 [INFO] [043/382] HAVE     Batman Begins (2005)\Batman Begins (2005).mkv — validated covering sidecar Batman Begins (2005).eng.srt
2026-09-02 20:54:00 [INFO] [044/382] HAVE     Bee Movie (2007)\Bee Movie (2007).mkv — validated covering sidecar Bee Movie (2007).eng.srt
2026-09-02 20:54:00 [INFO] [045/382] HAVE     Black Hawk Down (2001)\Black Hawk Down (2001).mkv — validated covering sidecar Black Hawk Down (2001).eng.srt
2026-09-02 20:54:00 [INFO] [046/382] HAVE     Black Panther (2018)\Black Panther (2018).mkv — validated covering sidecar Black Panther (2018).eng.srt
2026-09-02 20:54:00 [INFO] [047/382] HAVE     Blade Runner (1982)\Blade Runner (1982).mkv — validated covering sidecar Blade Runner (1982).eng.srt
2026-09-02 20:54:00 [INFO] [048/382] HAVE     Blade Runner 2049 (2017)\Blade Runner 2049 (2017).mkv — validated covering sidecar Blade Runner 2049 (2017).eng.srt
2026-09-02 20:54:00 [INFO] [049/382] HAVE     Blended (2014)\Blended (2014).mkv — validated covering sidecar Blended (2014).eng.srt
2026-09-02 20:54:00 [INFO] [050/382] HAVE     Bohemian Rhapsody (2018)\Bohemian Rhapsody (2018).mkv — validated covering sidecar Bohemian Rhapsody (2018).eng.srt
2026-09-02 20:54:00 [INFO] [051/382] HAVE     Borat (2006)\Borat (2006).mkv — validated covering sidecar Borat (2006).eng.srt
2026-09-02 20:54:00 [INFO] [052/382] HAVE     Boyhood (2014)\Boyhood (2014).mkv — validated covering sidecar Boyhood (2014).eng.srt
2026-09-02 20:54:00 [INFO] [053/382] HAVE     Boyz N the Hood (1991)\Boyz N the Hood (1991).mkv — validated covering sidecar Boyz N the Hood (1991).eng.srt
2026-09-02 20:54:00 [INFO] [054/382] HAVE     Braveheart (1995)\Braveheart (1995).mkv — validated covering sidecar Braveheart (1995).eng.srt
2026-09-02 20:54:00 [INFO] [055/382] HAVE     Bugonia (2025)\Bugonia (2025).mkv — validated covering sidecar Bugonia (2025).eng.srt
2026-09-02 20:54:00 [INFO] [056/382] HAVE     Captain America Civil War (2016)\Captain America Civil War (2016).mkv — validated covering sidecar Captain America Civil War (2016).eng.srt
2026-09-02 20:54:00 [INFO] [057/382] HAVE     Captain America The First Avenger (2011)\Captain America The First Avenger (2011).mkv — validated covering sidecar Captain America The First Avenger (2011).eng.srt
2026-09-02 20:54:00 [INFO] [058/382] HAVE     Captain America The Winter Soldier (2014)\Captain America The Winter Soldier (2014).mkv — validated covering sidecar Captain America The Winter Soldier (2014).eng.srt
2026-09-02 20:54:00 [INFO] [059/382] HAVE     Cars (2006)\Cars (2006).mkv — validated covering sidecar Cars (2006).eng.srt
2026-09-02 20:54:00 [INFO] [060/382] HAVE     Casino Royale (2006)\Casino Royale (2006).mkv — validated covering sidecar Casino Royale (2006).eng.srt
2026-09-02 20:54:00 [INFO] [061/382] HAVE     Cast Away (2000)\Cast Away (2000).mkv — validated covering sidecar Cast Away (2000).eng.srt
2026-09-02 20:54:00 [INFO] [062/382] HAVE     Catch Me If You Can (2002)\Catch Me If You Can (2002).mkv — validated covering sidecar Catch Me If You Can (2002).eng.srt
2026-09-02 20:54:00 [INFO] [063/382] HAVE     Charlie and the Chocolate Factory (2005)\Charlie and the Chocolate Factory (2005).mkv — validated covering sidecar Charlie and the Chocolate Factory (2005).eng.srt
2026-09-02 20:54:00 [INFO] [064/382] HAVE     Chicken Little (2005)\Chicken Little (2005).mkv — validated covering sidecar Chicken Little (2005).eng.srt
2026-09-02 20:54:00 [INFO] [065/382] HAVE     Children of Men (2006)\Children of Men (2006).mkv — validated covering sidecar Children of Men (2006).eng.srt
2026-09-02 20:54:00 [INFO] [066/382] HAVE     Chronicle (2012)\Chronicle (2012).mkv — validated covering sidecar Chronicle (2012).eng.srt
2026-09-02 20:54:00 [INFO] [067/382] HAVE     Civil War (2024)\Civil War (2024).mkv — validated covering sidecar Civil War (2024).eng.srt
2026-09-02 20:54:00 [INFO] [068/382] HAVE     Cloudy with a Chance of Meatballs (2009)\Cloudy with a Chance of Meatballs (2009).mkv — validated covering sidecar Cloudy with a Chance of Meatballs (2009).eng.srt
2026-09-02 20:54:00 [INFO] [069/382] HAVE     Cloverfield (2008)\Cloverfield (2008).mkv — validated covering sidecar Cloverfield (2008).eng.srt
2026-09-02 20:54:00 [INFO] [070/382] HAVE     Coach Carter (2005)\Coach Carter (2005).mkv — validated covering sidecar Coach Carter (2005).eng.srt
2026-09-02 20:54:00 [INFO] [071/382] HAVE     Coco (2017)\Coco (2017).mkv — validated covering sidecar Coco (2017).eng.srt
2026-09-02 20:54:00 [INFO] [072/382] HAVE     Contact (1997)\Contact (1997).mkv — validated covering sidecar Contact (1997).eng.srt
2026-09-02 20:54:00 [INFO] [073/382] HAVE     Contagion (2011)\Contagion (2011).mkv — validated covering sidecar Contagion (2011).eng.srt
2026-09-02 20:54:00 [INFO] [074/382] HAVE     Coraline (2009)\Coraline (2009).mkv — validated covering sidecar Coraline (2009).eng.srt
2026-09-02 20:54:00 [INFO] [075/382] HAVE     Crazy Rich Asians (2018)\Crazy Rich Asians (2018).mkv — validated covering sidecar Crazy Rich Asians (2018).eng.srt
2026-09-02 20:54:00 [INFO] [076/382] HAVE     Creed (2015)\Creed (2015).mkv — validated covering sidecar Creed (2015).eng.srt
2026-09-02 20:54:00 [INFO] [077/382] HAVE     Dawn of the Planet of the Apes (2014)\Dawn of the Planet of the Apes (2014).mkv — validated covering sidecar Dawn of the Planet of the Apes (2014).eng.srt
2026-09-02 20:54:00 [INFO] [078/382] HAVE     Dead Poets Society (1989)\Dead Poets Society (1989).mkv — validated covering sidecar Dead Poets Society (1989).eng.srt
2026-09-02 20:54:00 [INFO] [079/382] HAVE     Deadpool (2016)\Deadpool (2016).mkv — validated covering sidecar Deadpool (2016).eng.srt
2026-09-02 20:54:00 [INFO] [080/382] HAVE     Deadpool 2 (2018)\Deadpool 2 (2018).mkv — validated covering sidecar Deadpool 2 (2018).eng.srt
2026-09-02 20:54:00 [INFO] [081/382] HAVE     Despicable Me (2010)\Despicable Me (2010).mkv — validated covering sidecar Despicable Me (2010).eng.srt
2026-09-02 20:54:00 [INFO] [082/382] HAVE     Die Hard (1988)\Die Hard (1988).mkv — validated covering sidecar Die Hard (1988).eng.srt
2026-09-02 20:54:00 [INFO] [083/382] HAVE     District 9 (2009)\District 9 (2009).mkv — validated covering sidecar District 9 (2009).eng.srt
2026-09-02 20:54:00 [INFO] [084/382] HAVE     Django Unchained (2012)\Django Unchained (2012).mkv — validated covering sidecar Django Unchained (2012).eng.srt
2026-09-02 20:54:00 [INFO] [085/382] HAVE     Donnie Darko (2001)\Donnie Darko (2001).mkv — validated covering sidecar Donnie Darko (2001).eng.srt
2026-09-02 20:54:00 [INFO] [086/382] HAVE     Dune (2021)\Dune (2021).mkv — validated covering sidecar Dune (2021).eng.srt
2026-09-02 20:54:00 [INFO] [087/382] HAVE     Dune - Part Two (2024)\Dune - Part Two (2024).mkv — validated covering sidecar Dune - Part Two (2024).eng.srt
2026-09-02 20:54:00 [INFO] [088/382] HAVE     Dunkirk (2017)\Dunkirk (2017).mkv — validated covering sidecar Dunkirk (2017).eng.srt
2026-09-02 20:54:00 [INFO] [089/382] HAVE     E T the Extra-Terrestrial (1982)\E T the Extra-Terrestrial (1982).mkv — validated covering sidecar E T the Extra-Terrestrial (1982).eng.srt
2026-09-02 20:54:00 [INFO] [090/382] HAVE     Easy A (2010)\Easy A (2010).mkv — validated covering sidecar Easy A (2010).eng.srt
2026-09-02 20:54:00 [INFO] [091/382] HAVE     Edge of Tomorrow (2014)\Edge of Tomorrow (2014).mkv — validated covering sidecar Edge of Tomorrow (2014).eng.srt
2026-09-02 20:54:00 [INFO] [092/382] HAVE     Edward Scissorhands (1990)\Edward Scissorhands (1990).mkv — validated covering sidecar Edward Scissorhands (1990).eng.srt
2026-09-02 20:54:00 [INFO] [093/382] HAVE     Elemental (2023)\Elemental (2023).mkv — validated covering sidecar Elemental (2023).eng.srt
2026-09-02 20:54:00 [INFO] [094/382] HAVE     Elysium (2013)\Elysium (2013).mkv — validated covering sidecar Elysium (2013).eng.srt
2026-09-02 20:54:00 [INFO] [095/382] HAVE     Enchanted (2007)\Enchanted (2007).mkv — validated covering sidecar Enchanted (2007).eng.srt
2026-09-02 20:54:00 [INFO] [096/382] HAVE     Enemy (2013)\Enemy (2013).mkv — validated covering sidecar Enemy (2013).eng.srt
2026-09-02 20:54:00 [INFO] [097/382] HAVE     Eternal Sunshine of the Spotless Mind (2004)\Eternal Sunshine of the Spotless Mind (2004).mkv — validated covering sidecar Eternal Sunshine of the Spotless Mind (2004).eng.srt
2026-09-02 20:54:00 [INFO] [098/382] HAVE     Ex Machina (2015)\Ex Machina (2015).mkv — validated covering sidecar Ex Machina (2015).eng.srt
2026-09-02 20:54:00 [INFO] [099/382] HAVE     Fargo (1996)\Fargo (1996).mkv — validated covering sidecar Fargo (1996).eng.srt
2026-09-02 20:54:00 [INFO] [100/382] HAVE     Fast Five (2011)\Fast Five (2011).mkv — validated covering sidecar Fast Five (2011).eng.srt
2026-09-02 20:54:00 [INFO] [101/382] HAVE     Ferris Bueller's Day Off (1986)\Ferris Bueller's Day Off (1986).mkv — validated covering sidecar Ferris Bueller's Day Off (1986).eng.srt
2026-09-02 20:54:00 [INFO] [102/382] HAVE     Fight Club (1999)\Fight Club (1999).mkv — validated covering sidecar Fight Club (1999).eng.srt
2026-09-02 20:54:00 [INFO] [103/382] HAVE     Finding Nemo (2003)\Finding Nemo (2003).mkv — validated covering sidecar Finding Nemo (2003).eng.srt
2026-09-02 20:54:00 [INFO] [104/382] HAVE     First Man (2018)\First Man (2018).mkv — validated covering sidecar First Man (2018).eng.srt
2026-09-02 20:54:00 [INFO] [105/382] HAVE     Ford v Ferrari (2019)\Ford v Ferrari (2019).mkv — validated covering sidecar Ford v Ferrari (2019).eng.srt
2026-09-02 20:54:00 [INFO] [106/382] HAVE     Forrest Gump (1994)\Forrest Gump (1994).mkv — validated covering sidecar Forrest Gump (1994).eng.srt
2026-09-02 20:54:00 [INFO] [107/382] HAVE     Fractured (2019)\Fractured (2019).mkv — validated covering sidecar Fractured (2019).eng.srt
2026-09-02 20:54:00 [INFO] [108/382] HAVE     Fury (2014)\Fury (2014).mkv — validated covering sidecar Fury (2014).eng.srt
2026-09-02 20:54:00 [INFO] [109/382] HAVE     Get Out (2017)\Get Out (2017).mkv — validated covering sidecar Get Out (2017).eng.srt
2026-09-02 20:54:00 [INFO] [110/382] HAVE     Ghostbusters (1984)\Ghostbusters (1984).mkv — validated covering sidecar Ghostbusters (1984).eng.srt
2026-09-02 20:54:00 [INFO] [111/382] HAVE     Gladiator (2000)\Gladiator (2000).mkv — validated covering sidecar Gladiator (2000).eng.srt
2026-09-02 20:54:00 [INFO] [112/382] HAVE     Gone Girl (2014)\Gone Girl (2014).mkv — validated covering sidecar Gone Girl (2014).eng.srt
2026-09-02 20:54:01 [INFO] [113/382] HAVE     Good Will Hunting (1997)\Good Will Hunting (1997).mkv — validated covering sidecar Good Will Hunting (1997).eng.srt
2026-09-02 20:54:01 [INFO] [114/382] HAVE     Goodfellas (1990)\Goodfellas (1990).mkv — validated covering sidecar Goodfellas (1990).eng.srt
2026-09-02 20:54:01 [INFO] [115/382] HAVE     Gravity (2013)\Gravity (2013).mkv — validated covering sidecar Gravity (2013).eng.srt
2026-09-02 20:54:01 [INFO] [116/382] HAVE     Green Book (2018)\Green Book (2018).mkv — validated covering sidecar Green Book (2018).eng.srt
2026-09-02 20:54:01 [INFO] [117/382] HAVE     Greenland (2020)\Greenland (2020).mkv — validated covering sidecar Greenland (2020).eng.srt
2026-09-02 20:54:01 [INFO] [118/382] HAVE     Groundhog Day (1993)\Groundhog Day (1993).mkv — validated covering sidecar Groundhog Day (1993).eng.srt
2026-09-02 20:54:01 [INFO] [119/382] HAVE     Grown Ups (2010)\Grown Ups (2010).mkv — validated covering sidecar Grown Ups (2010).eng.srt
2026-09-02 20:54:01 [INFO] [120/382] HAVE     Guardians of the Galaxy (2014)\Guardians of the Galaxy (2014).mkv — validated covering sidecar Guardians of the Galaxy (2014).eng.srt
2026-09-02 20:54:01 [INFO] [121/382] HAVE     Hacksaw Ridge (2016)\Hacksaw Ridge (2016).mkv — validated covering sidecar Hacksaw Ridge (2016).eng.srt
2026-09-02 20:54:01 [INFO] [122/382] HAVE     Happy Feet (2006)\Happy Feet (2006).mkv — validated covering sidecar Happy Feet (2006).eng.srt
2026-09-02 20:54:01 [INFO] [123/382] HAVE     Happy Gilmore (1996)\Happy Gilmore (1996).mkv — validated covering sidecar Happy Gilmore (1996).eng.srt
2026-09-02 20:54:01 [INFO] [124/382] HAVE     Harry Potter and the Chamber of Secrets (2002)\Harry Potter and the Chamber of Secrets (2002).mkv — validated covering sidecar Harry Potter and the Chamber of Secrets (2002).eng.srt
2026-09-02 20:54:01 [INFO] [125/382] HAVE     Harry Potter and the Deathly Hallows - Part 1 (2010)\Harry Potter and the Deathly Hallows - Part 1 (2010).mkv — validated covering sidecar Harry Potter and the Deathly Hallows - Part 1 (2010).eng.srt
2026-09-02 20:54:01 [INFO] [126/382] HAVE     Harry Potter and the Deathly Hallows - Part 2 (2011)\Harry Potter and the Deathly Hallows - Part 2 (2011).mkv — validated covering sidecar Harry Potter and the Deathly Hallows - Part 2 (2011).eng.srt
2026-09-02 20:54:01 [INFO] [127/382] HAVE     Harry Potter and the Goblet of Fire (2005)\Harry Potter and the Goblet of Fire (2005).mkv — validated covering sidecar Harry Potter and the Goblet of Fire (2005).eng.srt
2026-09-02 20:54:01 [INFO] [128/382] HAVE     Harry Potter and the Half-Blood Prince (2009)\Harry Potter and the Half-Blood Prince (2009).mkv — validated covering sidecar Harry Potter and the Half-Blood Prince (2009).eng.srt
2026-09-02 20:54:01 [INFO] [129/382] HAVE     Harry Potter and the Order of the Phoenix (2007)\Harry Potter and the Order of the Phoenix (2007).mkv — validated covering sidecar Harry Potter and the Order of the Phoenix (2007).eng.srt
2026-09-02 20:54:01 [INFO] [130/382] HAVE     Harry Potter and the Prisoner of Azkaban (2004)\Harry Potter and the Prisoner of Azkaban (2004).mkv — validated covering sidecar Harry Potter and the Prisoner of Azkaban (2004).eng.srt
2026-09-02 20:54:01 [INFO] [131/382] HAVE     Harry Potter and the Sorcerer's Stone (2001)\Harry Potter and the Sorcerer's Stone (2001).mkv — validated covering sidecar Harry Potter and the Sorcerer's Stone (2001).eng.srt
2026-09-02 20:54:01 [INFO] [132/382] HAVE     Heat (1995)\Heat (1995).mkv — validated covering sidecar Heat (1995).eng.srt
2026-09-02 20:54:01 [INFO] [133/382] HAVE     Her (2013)\Her (2013).mkv — validated covering sidecar Her (2013).eng.srt
2026-09-02 20:54:01 [INFO] [134/382] HAVE     Hercules (1997)\Hercules (1997).mkv — validated covering sidecar Hercules (1997).eng.srt
2026-09-02 20:54:01 [INFO] [135/382] HAVE     Hereditary (2018)\Hereditary (2018).mkv — validated covering sidecar Hereditary (2018).eng.srt
2026-09-02 20:54:01 [INFO] [136/382] HAVE     Hidden Figures (2016)\Hidden Figures (2016).mkv — validated covering sidecar Hidden Figures (2016).eng.srt
2026-09-02 20:54:01 [INFO] [137/382] HAVE     Holes (2003)\Holes (2003).mkv — validated covering sidecar Holes (2003).eng.srt
2026-09-02 20:54:01 [INFO] [138/382] HAVE     Home Alone (1990)\Home Alone (1990).mkv — validated covering sidecar Home Alone (1990).eng.srt
2026-09-02 20:54:01 [INFO] [139/382] HAVE     Home Alone 2 - Lost in New York (1992)\Home Alone 2 - Lost in New York (1992).mkv — validated covering sidecar Home Alone 2 - Lost in New York (1992).eng.srt
2026-09-02 20:54:01 [INFO] [140/382] HAVE     How to Train Your Dragon (2010)\How to Train Your Dragon (2010).mkv — validated covering sidecar How to Train Your Dragon (2010).eng.srt
2026-09-02 20:54:01 [INFO] [141/382] HAVE     I Am Legend (2007)\I Am Legend (2007).mkv — validated covering sidecar I Am Legend (2007).eng.srt
2026-09-02 20:54:01 [INFO] [142/382] HAVE     I, Robot (2004)\I, Robot (2004).mkv — validated covering sidecar I, Robot (2004).eng.srt
2026-09-02 20:54:01 [INFO] [143/382] HAVE     I, Tonya (2017)\I, Tonya (2017).mkv — validated covering sidecar I, Tonya (2017).eng.srt
2026-09-02 20:54:01 [INFO] [144/382] HAVE     Ice Age (2002)\Ice Age (2002).mkv — validated covering sidecar Ice Age (2002).eng.srt
2026-09-02 20:54:01 [INFO] [145/382] HAVE     Idiocracy (2006)\Idiocracy (2006).mkv — validated covering sidecar Idiocracy (2006).eng.srt
2026-09-02 20:54:01 [INFO] [146/382] HAVE     Inception (2010)\Inception (2010).mkv — validated covering sidecar Inception (2010).eng.srt
2026-09-02 20:54:01 [INFO] [147/382] HAVE     Incredibles 2 (2018)\Incredibles 2 (2018).mkv — validated covering sidecar Incredibles 2 (2018).eng.srt
2026-09-02 20:54:01 [INFO] [148/382] HAVE     Independence Day (1996)\Independence Day (1996).mkv — validated covering sidecar Independence Day (1996).eng.srt
2026-09-02 20:54:01 [INFO] [149/382] HAVE     Indiana Jones and the Last Crusade (1989)\Indiana Jones and the Last Crusade (1989).mkv — validated covering sidecar Indiana Jones and the Last Crusade (1989).eng.srt
2026-09-02 20:54:01 [INFO] [150/382] HAVE     Indiana Jones and the Raiders of the Lost Ark (1981)\Indiana Jones and the Raiders of the Lost Ark (1981).mkv — validated covering sidecar Indiana Jones and the Raiders of the Lost Ark (1981).eng.srt
2026-09-02 20:54:01 [INFO] [151/382] HAVE     Indiana Jones and the Temple of Doom (1984)\Indiana Jones and the Temple of Doom (1984).mkv — validated covering sidecar Indiana Jones and the Temple of Doom (1984).eng.srt
2026-09-02 20:54:01 [INFO] [152/382] HAVE     Inglourious Basterds (2009)\Inglourious Basterds (2009).mkv — validated covering sidecar Inglourious Basterds (2009).eng.srt
2026-09-02 20:54:01 [INFO] [153/382] HAVE     Insomnia (2002)\Insomnia (2002).mkv — validated covering sidecar Insomnia (2002).eng.srt
2026-09-02 20:54:01 [INFO] [154/382] HAVE     Interstellar (2014)\Interstellar (2014).mkv — validated covering sidecar Interstellar (2014).eng.srt
2026-09-02 20:54:01 [INFO] [155/382] HAVE     Into the Wild (2007)\Into the Wild (2007).mkv — validated covering sidecar Into the Wild (2007).eng.srt
2026-09-02 20:54:01 [INFO] [156/382] HAVE     Iron Man (2008)\Iron Man (2008).mkv — validated covering sidecar Iron Man (2008).eng.srt
2026-09-02 20:54:01 [INFO] [157/382] HAVE     Iron Man 2 (2010)\Iron Man 2 (2010).mkv — validated covering sidecar Iron Man 2 (2010).eng.srt
2026-09-02 20:54:01 [INFO] [158/382] HAVE     IT (2017)\IT (2017).mkv — validated covering sidecar IT (2017).eng.srt
2026-09-02 20:54:01 [INFO] [159/382] HAVE     James and the Giant Peach (1996)\James and the Giant Peach (1996).mkv — validated covering sidecar James and the Giant Peach (1996).eng.srt
2026-09-02 20:54:01 [INFO] [160/382] HAVE     Jaws (1975)\Jaws (1975).mkv — validated covering sidecar Jaws (1975).eng.srt
2026-09-02 20:54:01 [INFO] [161/382] HAVE     Jimmy Neutron Boy Genius (2001)\Jimmy Neutron Boy Genius (2001).mkv — validated covering sidecar Jimmy Neutron Boy Genius (2001).eng.srt
2026-09-02 20:54:01 [INFO] [162/382] HAVE     John Q (2002)\John Q (2002).mkv — validated covering sidecar John Q (2002).eng.srt
2026-09-02 20:54:01 [INFO] [163/382] HAVE     Joker (2019)\Joker (2019).mkv — validated covering sidecar Joker (2019).eng.srt
2026-09-02 20:54:01 [INFO] [164/382] HAVE     Jumanji (1995)\Jumanji (1995).mkv — validated covering sidecar Jumanji (1995).eng.srt
2026-09-02 20:54:01 [INFO] [165/382] HAVE     Juno (2007)\Juno (2007).mkv — validated covering sidecar Juno (2007).eng.srt
2026-09-02 20:54:01 [INFO] [166/382] HAVE     Jurassic Park (1993)\Jurassic Park (1993).mkv — validated covering sidecar Jurassic Park (1993).eng.srt
2026-09-02 20:54:01 [INFO] [167/382] HAVE     Jurassic World (2015)\Jurassic World (2015).mkv — validated covering sidecar Jurassic World (2015).eng.srt
2026-09-02 20:54:01 [INFO] [168/382] HAVE     Kick-Ass (2010)\Kick-Ass (2010).mkv — validated covering sidecar Kick-Ass (2010).eng.srt
2026-09-02 20:54:01 [INFO] [169/382] HAVE     King Richard (2021)\King Richard (2021).mkv — validated covering sidecar King Richard (2021).eng.srt
2026-09-02 20:54:01 [INFO] [170/382] HAVE     Knives Out (2019)\Knives Out (2019).mkv — validated covering sidecar Knives Out (2019).eng.srt
2026-09-02 20:54:01 [INFO] [171/382] HAVE     Knowing (2009)\Knowing (2009).mkv — validated covering sidecar Knowing (2009).eng.srt
2026-09-02 20:54:01 [INFO] [172/382] HAVE     Kung Fu Panda (2008)\Kung Fu Panda (2008).mkv — validated covering sidecar Kung Fu Panda (2008).eng.srt
2026-09-02 20:54:01 [INFO] [173/382] HAVE     Legally Blonde (2001)\Legally Blonde (2001).mkv — validated covering sidecar Legally Blonde (2001).eng.srt
2026-09-02 20:54:01 [INFO] [174/382] HAVE     Logan (2017)\Logan (2017).mkv — validated covering sidecar Logan (2017).eng.srt
2026-09-02 20:54:01 [INFO] [175/382] HAVE     Lone Survivor (2013)\Lone Survivor (2013).mkv — validated covering sidecar Lone Survivor (2013).eng.srt
2026-09-02 20:54:01 [INFO] [176/382] HAVE     Madagascar (2005)\Madagascar (2005).mkv — validated covering sidecar Madagascar (2005).eng.srt
2026-09-02 20:54:01 [INFO] [177/382] HAVE     Magnolia (1999)\Magnolia (1999).mkv — validated covering sidecar Magnolia (1999).eng.srt
2026-09-02 20:54:01 [INFO] [178/382] HAVE     Marty Supreme (2025)\Marty Supreme (2025).mkv — validated covering sidecar Marty Supreme (2025).eng.srt
2026-09-02 20:54:01 [INFO] [179/382] HAVE     Mean Girls (2004)\Mean Girls (2004).mkv — validated covering sidecar Mean Girls (2004).eng.srt
2026-09-02 20:54:01 [INFO] [180/382] HAVE     Meet the Robinsons (2007)\Meet the Robinsons (2007).mkv — validated covering sidecar Meet the Robinsons (2007).eng.srt
2026-09-02 20:54:01 [INFO] [181/382] HAVE     Megamind (2010)\Megamind (2010).mkv — validated covering sidecar Megamind (2010).eng.srt
2026-09-02 20:54:01 [INFO] [182/382] HAVE     Memento (2000)\Memento (2000).mkv — validated covering sidecar Memento (2000).eng.srt
2026-09-02 20:54:01 [INFO] [183/382] HAVE     Minority Report (2002)\Minority Report (2002).mkv — validated covering sidecar Minority Report (2002).eng.srt
2026-09-02 20:54:01 [INFO] [184/382] HAVE     Mission - Impossible - Fallout (2018)\Mission - Impossible - Fallout (2018).mkv — validated covering sidecar Mission - Impossible - Fallout (2018).eng.srt
2026-09-02 20:54:01 [INFO] [185/382] HAVE     Monsters University (2013)\Monsters University (2013).mkv — validated covering sidecar Monsters University (2013).eng.srt
2026-09-02 20:54:01 [INFO] [186/382] HAVE     Monsters, Inc (2001)\Monsters, Inc (2001).mkv — validated covering sidecar Monsters, Inc (2001).eng.srt
2026-09-02 20:54:01 [INFO] [187/382] HAVE     Moon (2009)\Moon (2009).mkv — validated covering sidecar Moon (2009).eng.srt
2026-09-02 20:54:01 [INFO] [188/382] HAVE     Mulan (1998)\Mulan (1998).mkv — validated covering sidecar Mulan (1998).eng.srt
2026-09-02 20:54:01 [INFO] [189/382] HAVE     Napoleon Dynamite (2004)\Napoleon Dynamite (2004).mkv — validated covering sidecar Napoleon Dynamite (2004).eng.srt
2026-09-02 20:54:01 [INFO] [190/382] HAVE     National Lampoon's Christmas Vacation (1989)\National Lampoon's Christmas Vacation (1989).mkv — validated covering sidecar National Lampoon's Christmas Vacation (1989).eng.srt
2026-09-02 20:54:01 [INFO] [191/382] HAVE     National Treasure (2004)\National Treasure (2004).mkv — validated covering sidecar National Treasure (2004).eng.srt
2026-09-02 20:54:01 [INFO] [192/382] HAVE     National Treasure Book of Secrets (2007)\National Treasure Book of Secrets (2007).mkv — validated covering sidecar National Treasure Book of Secrets (2007).eng.srt
2026-09-02 20:54:01 [INFO] [193/382] HAVE     Night at the Museum (2006)\Night at the Museum (2006).mkv — validated covering sidecar Night at the Museum (2006).eng.srt
2026-09-02 20:54:01 [INFO] [194/382] HAVE     Nightcrawler (2014)\Nightcrawler (2014).mkv — validated covering sidecar Nightcrawler (2014).eng.srt
2026-09-02 20:54:01 [INFO] [195/382] HAVE     No Country for Old Men (2007)\No Country for Old Men (2007).mkv — validated covering sidecar No Country for Old Men (2007).eng.srt
2026-09-02 20:54:01 [INFO] [196/382] HAVE     Now You See Me (2013)\Now You See Me (2013).mkv — validated covering sidecar Now You See Me (2013).eng.srt
2026-09-02 20:54:02 [INFO] [197/382] HAVE     Oblivion (2013)\Oblivion (2013).mkv — validated covering sidecar Oblivion (2013).eng.srt
2026-09-02 20:54:02 [INFO] [198/382] HAVE     Obsession (2026)\Obsession (2026).mkv — validated covering sidecar Obsession (2026).eng.srt
2026-09-02 20:54:02 [INFO] [199/382] HAVE     October Sky (1999)\October Sky (1999).mkv — validated covering sidecar October Sky (1999).eng.srt
2026-09-02 20:54:02 [INFO] [200/382] HAVE     Office Space (1999)\Office Space (1999).mkv — validated covering sidecar Office Space (1999).eng.srt
2026-09-02 20:54:02 [INFO] [201/382] HAVE     One Flew Over the Cuckoo's Nest (1975)\One Flew Over the Cuckoo's Nest (1975).mkv — validated covering sidecar One Flew Over the Cuckoo's Nest (1975).eng.srt
2026-09-02 20:54:02 [INFO] [202/382] HAVE     Open Season (2006)\Open Season (2006).mkv — validated covering sidecar Open Season (2006).eng.srt
2026-09-02 20:54:02 [INFO] [203/382] HAVE     Oppenheimer (2023)\Oppenheimer (2023).mkv — validated covering sidecar Oppenheimer (2023).eng.srt
2026-09-02 20:54:02 [INFO] [204/382] HAVE     Osmosis Jones (2001)\Osmosis Jones (2001).mkv — validated covering sidecar Osmosis Jones (2001).eng.sdh.srt
2026-09-02 20:54:02 [INFO] [205/382] HAVE     Over the Hedge (2006)\Over the Hedge (2006).mkv — validated covering sidecar Over the Hedge (2006).eng.srt
2026-09-02 20:54:02 [INFO] [206/382] HAVE     Parasite (2019)\Parasite (2019).mkv — validated covering sidecar Parasite (2019).eng.srt
2026-09-02 20:54:02 [INFO] [207/382] HAVE     Pearl (2022)\Pearl (2022).mkv — validated covering sidecar Pearl (2022).eng.srt
2026-09-02 20:54:02 [INFO] [208/382] HAVE     Pineapple Express (2008)\Pineapple Express (2008).mkv — validated covering sidecar Pineapple Express (2008).eng.srt
2026-09-02 20:54:02 [INFO] [209/382] HAVE     Pirates of the Caribbean At World's End (2007)\Pirates of the Caribbean At World's End (2007).mkv — validated covering sidecar Pirates of the Caribbean At World's End (2007).eng.srt
2026-09-02 20:54:02 [INFO] [210/382] HAVE     Pirates of the Caribbean Dead Man's Chest (2006)\Pirates of the Caribbean Dead Man's Chest (2006).mkv — validated covering sidecar Pirates of the Caribbean Dead Man's Chest (2006).eng.srt
2026-09-02 20:54:02 [INFO] [211/382] HAVE     Pirates of the Caribbean The Curse of the Black Pearl (2003)\Pirates of the Caribbean The Curse of the Black Pearl (2003).mkv — validated covering sidecar Pirates of the Caribbean The Curse of the Black Pearl (2003).eng.srt
2026-09-02 20:54:02 [INFO] [212/382] HAVE     Pitch Perfect (2012)\Pitch Perfect (2012).mkv — validated covering sidecar Pitch Perfect (2012).eng.srt
2026-09-02 20:54:02 [INFO] [213/382] HAVE     Prisoners (2013)\Prisoners (2013).mkv — validated covering sidecar Prisoners (2013).eng.srt
2026-09-02 20:54:02 [INFO] [214/382] HAVE     Project Hail Mary (2026)\Project Hail Mary (2026).mkv — validated covering sidecar Project Hail Mary (2026).eng.srt
2026-09-02 20:54:02 [INFO] [215/382] HAVE     Project X (2012)\Project X (2012).mkv — validated covering sidecar Project X (2012).eng.srt
2026-09-02 20:54:02 [INFO] [216/382] HAVE     Pulp Fiction (1994)\Pulp Fiction (1994).mkv — validated covering sidecar Pulp Fiction (1994).eng.srt
2026-09-02 20:54:02 [INFO] [217/382] HAVE     Ratatouille (2007)\Ratatouille (2007).mkv — validated covering sidecar Ratatouille (2007).eng.srt
2026-09-02 20:54:02 [INFO] [218/382] HAVE     Ready Player One (2018)\Ready Player One (2018).mkv — validated covering sidecar Ready Player One (2018).eng.srt
2026-09-02 20:54:02 [INFO] [219/382] HAVE     Real Steel (2011)\Real Steel (2011).mkv — validated covering sidecar Real Steel (2011).eng.srt
2026-09-02 20:54:02 [INFO] [220/382] HAVE     Remember the Titans (2000)\Remember the Titans (2000).mkv — validated covering sidecar Remember the Titans (2000).eng.srt
2026-09-02 20:54:02 [INFO] [221/382] HAVE     Requiem for a Dream (2000)\Requiem for a Dream (2000).mkv — validated covering sidecar Requiem for a Dream (2000).eng.srt
2026-09-02 20:54:02 [INFO] [222/382] HAVE     Rise of the Planet of the Apes (2011)\Rise of the Planet of the Apes (2011).mkv — validated covering sidecar Rise of the Planet of the Apes (2011).eng.srt
2026-09-02 20:54:02 [INFO] [223/382] HAVE     Robots (2005)\Robots (2005).mkv — validated covering sidecar Robots (2005).eng.srt
2026-09-02 20:54:02 [INFO] [224/382] HAVE     Rocky (1976)\Rocky (1976).mkv — validated covering sidecar Rocky (1976).eng.srt
2026-09-02 20:54:02 [INFO] [225/382] HAVE     Room (2015)\Room (2015).mkv — validated covering sidecar Room (2015).eng.srt
2026-09-02 20:54:02 [INFO] [226/382] HAVE     Sausage Party (2016)\Sausage Party (2016).mkv — validated covering sidecar Sausage Party (2016).eng.srt
2026-09-02 20:54:02 [INFO] [227/382] HAVE     Saving Private Ryan (1998)\Saving Private Ryan (1998).mkv — validated covering sidecar Saving Private Ryan (1998).eng.srt
2026-09-02 20:54:02 [INFO] [228/382] HAVE     Saw (2004)\Saw (2004).mkv — validated covering sidecar Saw (2004).eng.srt
2026-09-02 20:54:02 [INFO] [229/382] HAVE     Scarface (1983)\Scarface (1983).mkv — validated covering sidecar Scarface (1983).eng.srt
2026-09-02 20:54:02 [INFO] [230/382] HAVE     Schindler's List (1993)\Schindler's List (1993).mkv — validated covering sidecar Schindler's List (1993).eng.srt
2026-09-02 20:54:02 [INFO] [231/382] HAVE     Scream (1996)\Scream (1996).mkv — validated covering sidecar Scream (1996).eng.srt
2026-09-02 20:54:02 [INFO] [232/382] HAVE     Se7en (1995)\Se7en (1995).mkv — validated covering sidecar Se7en (1995).eng.srt
2026-09-02 20:54:02 [INFO] [233/382] HAVE     Shark Tale (2004)\Shark Tale (2004).mkv — validated covering sidecar Shark Tale (2004).eng.sdh.srt
2026-09-02 20:54:02 [INFO] [234/382] HAVE     Shazam! (2019)\Shazam! (2019).mkv — validated covering sidecar Shazam! (2019).eng.srt
2026-09-02 20:54:02 [INFO] [235/382] HAVE     Shrek (2001)\Shrek (2001).mkv — validated covering sidecar Shrek (2001).eng.srt
2026-09-02 20:54:02 [INFO] [236/382] HAVE     Shrek 2 (2004)\Shrek 2 (2004).mkv — validated covering sidecar Shrek 2 (2004).eng.srt
2026-09-02 20:54:02 [INFO] [237/382] HAVE     Shrek Forever After (2010)\Shrek Forever After (2010).mkv — validated covering sidecar Shrek Forever After (2010).eng.srt
2026-09-02 20:54:02 [INFO] [238/382] HAVE     Shutter Island (2010)\Shutter Island (2010).mkv — validated covering sidecar Shutter Island (2010).eng.srt
2026-09-02 20:54:02 [INFO] [239/382] HAVE     Sicario (2015)\Sicario (2015).mkv — validated covering sidecar Sicario (2015).eng.srt
2026-09-02 20:54:02 [INFO] [240/382] HAVE     Signs (2002)\Signs (2002).mkv — validated covering sidecar Signs (2002).eng.srt
2026-09-02 20:54:02 [INFO] [241/382] HAVE     Sinister (2012)\Sinister (2012).mkv — validated covering sidecar Sinister (2012).eng.srt
2026-09-02 20:54:02 [INFO] [242/382] HAVE     Sinners (2025)\Sinners (2025).mkv — validated covering sidecar Sinners (2025).eng.srt
2026-09-02 20:54:02 [INFO] [243/382] HAVE     Skyfall (2012)\Skyfall (2012).mkv — validated covering sidecar Skyfall (2012).eng.srt
2026-09-02 20:54:02 [INFO] [244/382] HAVE     Slumdog Millionaire (2008)\Slumdog Millionaire (2008).mkv — validated covering sidecar Slumdog Millionaire (2008).eng.srt
2026-09-02 20:54:02 [INFO] [245/382] HAVE     Snatch (2000)\Snatch (2000).mkv — validated covering sidecar Snatch (2000).eng.srt
2026-09-02 20:54:02 [INFO] [246/382] HAVE     Snowden (2016)\Snowden (2016).mkv — validated covering sidecar Snowden (2016).eng.srt
2026-09-02 20:54:02 [INFO] [247/382] HAVE     Source Code (2011)\Source Code (2011).mkv — validated covering sidecar Source Code (2011).eng.srt
2026-09-02 20:54:02 [INFO] [248/382] HAVE     Spaceballs (1987)\Spaceballs (1987).mkv — validated covering sidecar Spaceballs (1987).eng.srt
2026-09-02 20:54:02 [INFO] [249/382] HAVE     Spider-Man (2002)\Spider-Man (2002).mkv — validated covering sidecar Spider-Man (2002).eng.srt
2026-09-02 20:54:02 [INFO] [250/382] HAVE     Spider-Man - Across the Spider-Verse (2023)\Spider-Man - Across the Spider-Verse (2023).mkv — validated covering sidecar Spider-Man - Across the Spider-Verse (2023).eng.srt
2026-09-02 20:54:02 [INFO] [251/382] HAVE     Spider-Man - Homecoming (2017)\Spider-Man - Homecoming (2017).mkv — validated covering sidecar Spider-Man - Homecoming (2017).eng.srt
2026-09-02 20:54:02 [INFO] [252/382] HAVE     Spider-Man - Into the Spider-Verse (2018)\Spider-Man - Into the Spider-Verse (2018).mkv — validated covering sidecar Spider-Man - Into the Spider-Verse (2018).eng.srt
2026-09-02 20:54:02 [INFO] [253/382] HAVE     Spider-Man 2 (2004)\Spider-Man 2 (2004).mkv — validated covering sidecar Spider-Man 2 (2004).eng.srt
2026-09-02 20:54:02 [INFO] [254/382] HAVE     Spider-Man No Way Home (2021)\Spider-Man No Way Home (2021).mkv — validated covering sidecar Spider-Man No Way Home (2021).eng.srt
2026-09-02 20:54:02 [INFO] [255/382] HAVE     Spirited Away (2001)\Spirited Away (2001).mkv — validated covering sidecar Spirited Away (2001).eng.srt
2026-09-02 20:54:02 [INFO] [256/382] HAVE     Split (2016)\Split (2016).mkv — validated covering sidecar Split (2016).eng.srt
2026-09-02 20:54:02 [INFO] [257/382] HAVE     Stalker (1979)\Stalker (1979).mkv — validated covering sidecar Stalker (1979).eng.srt
2026-09-02 20:54:02 [INFO] [258/382] HAVE     Stand by Me (1986)\Stand by Me (1986).mkv — validated covering sidecar Stand by Me (1986).eng.srt
2026-09-02 20:54:02 [INFO] [259/382] HAVE     Star Trek (2009)\Star Trek (2009).mkv — validated covering sidecar Star Trek (2009).eng.srt
2026-09-02 20:54:02 [INFO] [260/382] HAVE     Star Trek - Into Darkness (2013)\Star Trek - Into Darkness (2013).mkv — validated covering sidecar Star Trek - Into Darkness (2013).eng.srt
2026-09-02 20:54:02 [INFO] [261/382] HAVE     Star Wars - Episode I - The Phantom Menace (1999)\Star Wars - Episode I - The Phantom Menace (1999).mkv — validated covering sidecar Star Wars - Episode I - The Phantom Menace (1999).eng.srt
2026-09-02 20:54:02 [INFO] [262/382] HAVE     Star Wars - Episode II - Attack of the Clones (2002)\Star Wars - Episode II - Attack of the Clones (2002).mkv — validated covering sidecar Star Wars - Episode II - Attack of the Clones (2002).eng.srt
2026-09-02 20:54:02 [INFO] [263/382] HAVE     Star Wars - Episode III - Revenge of the Sith (2005)\Star Wars - Episode III - Revenge of the Sith (2005).mkv — validated covering sidecar Star Wars - Episode III - Revenge of the Sith (2005).eng.srt
2026-09-02 20:54:02 [INFO] [264/382] HAVE     Star Wars - Episode IV - A New Hope (1977)\Star Wars - Episode IV - A New Hope (1977).mkv — validated covering sidecar Star Wars - Episode IV - A New Hope (1977).eng.srt
2026-09-02 20:54:02 [INFO] [265/382] HAVE     Star Wars - Episode V - The Empire Strikes Back (1980)\Star Wars - Episode V - The Empire Strikes Back (1980).mkv — validated covering sidecar Star Wars - Episode V - The Empire Strikes Back (1980).eng.srt
2026-09-02 20:54:02 [INFO] [266/382] HAVE     Star Wars - Episode VI - Return of the Jedi (1983)\Star Wars - Episode VI - Return of the Jedi (1983).mkv — validated covering sidecar Star Wars - Episode VI - Return of the Jedi (1983).eng.srt
2026-09-02 20:54:02 [INFO] [267/382] HAVE     Straight Outta Compton (2015)\Straight Outta Compton (2015).mkv — validated covering sidecar Straight Outta Compton (2015).eng.srt
2026-09-02 20:54:02 [INFO] [268/382] HAVE     Super 8 (2011)\Super 8 (2011).mkv — validated covering sidecar Super 8 (2011).eng.srt
2026-09-02 20:54:02 [INFO] [269/382] HAVE     Superbad (2007)\Superbad (2007).mkv — validated covering sidecar Superbad (2007).eng.srt
2026-09-02 20:54:02 [INFO] [270/382] HAVE     Surf's Up (2007)\Surf's Up (2007).mkv — validated covering sidecar Surf's Up (2007).eng.srt
2026-09-02 20:54:02 [INFO] [271/382] HAVE     Taken (2008)\Taken (2008).mkv — validated covering sidecar Taken (2008).eng.srt
2026-09-02 20:54:02 [INFO] [272/382] HAVE     Tangled (2010)\Tangled (2010).mkv — validated covering sidecar Tangled (2010).eng.srt
2026-09-02 20:54:02 [INFO] [273/382] HAVE     Taxi Driver (1976)\Taxi Driver (1976).mkv — validated covering sidecar Taxi Driver (1976).eng.srt
2026-09-02 20:54:02 [INFO] [274/382] HAVE     Ted (2012)\Ted (2012).mkv — validated covering sidecar Ted (2012).eng.srt
2026-09-02 20:54:02 [INFO] [275/382] HAVE     Tenet (2020)\Tenet (2020).mkv — validated covering sidecar Tenet (2020).eng.srt
2026-09-02 20:54:02 [INFO] [276/382] HAVE     Terminator 2 - Judgment Day (1991)\Terminator 2 - Judgment Day (1991).mkv — validated covering sidecar Terminator 2 - Judgment Day (1991).eng.srt
2026-09-02 20:54:02 [INFO] [277/382] HAVE     Tetris (2023)\Tetris (2023).mkv — validated covering sidecar Tetris (2023).eng.srt
2026-09-02 20:54:02 [INFO] [278/382] HAVE     The Accountant (2016)\The Accountant (2016).mkv — validated covering sidecar The Accountant (2016).eng.srt
2026-09-02 20:54:02 [INFO] [279/382] HAVE     The Amazing Spider-Man (2012)\The Amazing Spider-Man (2012).mkv — validated covering sidecar The Amazing Spider-Man (2012).eng.srt
2026-09-02 20:54:02 [INFO] [280/382] HAVE     The Avengers (2012)\The Avengers (2012).mkv — validated covering sidecar The Avengers (2012).eng.srt
2026-09-02 20:54:02 [INFO] [281/382] HAVE     The Batman (2022)\The Batman (2022).mkv — validated covering sidecar The Batman (2022).eng.srt
2026-09-02 20:54:02 [INFO] [282/382] HAVE     The Big Lebowski (1998)\The Big Lebowski (1998).mkv — validated covering sidecar The Big Lebowski (1998).eng.srt
2026-09-02 20:54:02 [INFO] [283/382] HAVE     The Big Short (2015)\The Big Short (2015).mkv — validated covering sidecar The Big Short (2015).eng.srt
2026-09-02 20:54:02 [INFO] [284/382] HAVE     The Book of Eli (2010)\The Book of Eli (2010).mkv — validated covering sidecar The Book of Eli (2010).eng.srt
2026-09-02 20:54:02 [INFO] [285/382] HAVE     The Bourne Identity (2002)\The Bourne Identity (2002).mkv — validated covering sidecar The Bourne Identity (2002).eng.srt
2026-09-02 20:54:03 [INFO] [286/382] HAVE     The Bourne Supremacy (2004)\The Bourne Supremacy (2004).mkv — validated covering sidecar The Bourne Supremacy (2004).eng.srt
2026-09-02 20:54:03 [INFO] [287/382] HAVE     The Bourne Ultimatum (2007)\The Bourne Ultimatum (2007).mkv — validated covering sidecar The Bourne Ultimatum (2007).eng.srt
2026-09-02 20:54:03 [INFO] [288/382] HAVE     The Boy in the Striped Pyjamas (2008)\The Boy in the Striped Pyjamas (2008).mkv — validated covering sidecar The Boy in the Striped Pyjamas (2008).eng.srt
2026-09-02 20:54:03 [INFO] [289/382] HAVE     The Breakfast Club (1985)\The Breakfast Club (1985).mkv — validated covering sidecar The Breakfast Club (1985).eng.srt
2026-09-02 20:54:03 [INFO] [290/382] HAVE     The Curious Case of Benjamin Button (2008)\The Curious Case of Benjamin Button (2008).mkv — validated covering sidecar The Curious Case of Benjamin Button (2008).eng.srt
2026-09-02 20:54:03 [INFO] [291/382] HAVE     The Dark Knight (2008)\The Dark Knight (2008).mkv — validated covering sidecar The Dark Knight (2008).eng.srt
2026-09-02 20:54:03 [INFO] [292/382] HAVE     The Dark Knight Rises (2012)\The Dark Knight Rises (2012).mkv — validated covering sidecar The Dark Knight Rises (2012).eng.srt
2026-09-02 20:54:03 [INFO] [293/382] HAVE     The Day After (1983)\The Day After (1983).mkv — validated covering sidecar The Day After (1983).eng.srt
2026-09-02 20:54:03 [INFO] [294/382] HAVE     The Departed (2006)\The Departed (2006).mkv — validated covering sidecar The Departed (2006).eng.srt
2026-09-02 20:54:03 [INFO] [295/382] HAVE     The Edge of Seventeen (2016)\The Edge of Seventeen (2016).mkv — validated covering sidecar The Edge of Seventeen (2016).eng.srt
2026-09-02 20:54:03 [INFO] [296/382] HAVE     The Emperor's New Groove (2000)\The Emperor's New Groove (2000).mkv — validated covering sidecar The Emperor's New Groove (2000).eng.srt
2026-09-02 20:54:03 [INFO] [297/382] HAVE     The Fast and the Furious (2001)\The Fast and the Furious (2001).mkv — validated covering sidecar The Fast and the Furious (2001).eng.srt
2026-09-02 20:54:03 [INFO] [298/382] HAVE     The Founder (2016)\The Founder (2016).mkv — validated covering sidecar The Founder (2016).eng.srt
2026-09-02 20:54:03 [INFO] [299/382] HAVE     The Godfather (1972)\The Godfather (1972).mkv — validated covering sidecar The Godfather (1972).eng.srt
2026-09-02 20:54:03 [INFO] [300/382] HAVE     The Godfather - Part II (1974)\The Godfather - Part II (1974).mkv — validated covering sidecar The Godfather - Part II (1974).eng.srt
2026-09-02 20:54:03 [INFO] [301/382] HAVE     The Goonies (1985)\The Goonies (1985).mkv — validated covering sidecar The Goonies (1985).eng.srt
2026-09-02 20:54:03 [INFO] [302/382] HAVE     The Green Mile (1999)\The Green Mile (1999).mkv — validated covering sidecar The Green Mile (1999).eng.srt
2026-09-02 20:54:03 [INFO] [303/382] HAVE     The Hangover (2009)\The Hangover (2009).mkv — validated covering sidecar The Hangover (2009).eng.srt
2026-09-02 20:54:03 [INFO] [304/382] HAVE     The Help (2011)\The Help (2011).mkv — validated covering sidecar The Help (2011).eng.srt
2026-09-02 20:54:03 [INFO] [305/382] HAVE     The Hunger Games (2012)\The Hunger Games (2012).mkv — validated covering sidecar The Hunger Games (2012).eng.srt
2026-09-02 20:54:03 [INFO] [306/382] HAVE     The Hunger Games - Mockingjay - Part 1 (2014)\The Hunger Games - Mockingjay - Part 1 (2014).mkv — validated covering sidecar The Hunger Games - Mockingjay - Part 1 (2014).eng.srt
2026-09-02 20:54:03 [INFO] [307/382] HAVE     The Hunger Games - Mockingjay - Part 2 (2015)\The Hunger Games - Mockingjay - Part 2 (2015).mkv — validated covering sidecar The Hunger Games - Mockingjay - Part 2 (2015).eng.srt
2026-09-02 20:54:03 [INFO] [308/382] HAVE     The Hunger Games Catching Fire (2013)\The Hunger Games Catching Fire (2013).mkv — validated covering sidecar The Hunger Games Catching Fire (2013).eng.srt
2026-09-02 20:54:03 [INFO] [309/382] HAVE     The Hurt Locker (2008)\The Hurt Locker (2008).mkv — validated covering sidecar The Hurt Locker (2008).eng.srt
2026-09-02 20:54:03 [INFO] [310/382] HAVE     The Imitation Game (2014)\The Imitation Game (2014).mkv — validated covering sidecar The Imitation Game (2014).eng.srt
2026-09-02 20:54:03 [INFO] [311/382] HAVE     The Incredibles (2004)\The Incredibles (2004).mkv — validated covering sidecar The Incredibles (2004).eng.srt
2026-09-02 20:54:03 [INFO] [312/382] HAVE     The Interview (2014)\The Interview (2014).mkv — validated covering sidecar The Interview (2014).eng.srt
2026-09-02 20:54:03 [INFO] [313/382] HAVE     The Invisible Man (2020)\The Invisible Man (2020).mkv — validated covering sidecar The Invisible Man (2020).eng.srt
2026-09-02 20:54:03 [INFO] [314/382] HAVE     The Karate Kid (1984)\The Karate Kid (1984).mkv — validated covering sidecar The Karate Kid (1984).eng.srt
2026-09-02 20:54:03 [INFO] [315/382] HAVE     The Longest Yard (2005)\The Longest Yard (2005).mkv — validated covering sidecar The Longest Yard (2005).eng.srt
2026-09-02 20:54:03 [INFO] [316/382] HAVE     The Lord of the Rings The Fellowship of the Ring (2001)\The Lord of the Rings The Fellowship of the Ring (2001).mkv — validated covering sidecar The Lord of the Rings The Fellowship of the Ring (2001).eng.srt
2026-09-02 20:54:03 [INFO] [317/382] HAVE     The Lord of the Rings The Return of the King (2003)\The Lord of the Rings The Return of the King (2003).mkv — validated covering sidecar The Lord of the Rings The Return of the King (2003).eng.srt
2026-09-02 20:54:03 [INFO] [318/382] HAVE     The Lord of the Rings The Two Towers (2002)\The Lord of the Rings The Two Towers (2002).mkv — validated covering sidecar The Lord of the Rings The Two Towers (2002).eng.srt
2026-09-02 20:54:03 [INFO] [319/382] HAVE     The Martian (2015)\The Martian (2015).mkv — validated covering sidecar The Martian (2015).eng.srt
2026-09-02 20:54:03 [INFO] [320/382] HAVE     The Matrix (1999)\The Matrix (1999).mkv — validated covering sidecar The Matrix (1999).eng.srt
2026-09-02 20:54:03 [INFO] [321/382] HAVE     The Maze Runner (2014)\The Maze Runner (2014).mkv — validated covering sidecar The Maze Runner (2014).eng.srt
2026-09-02 20:54:03 [INFO] [322/382] HAVE     The Nightmare Before Christmas (1993)\The Nightmare Before Christmas (1993).mkv — validated covering sidecar The Nightmare Before Christmas (1993).eng.srt
2026-09-02 20:54:03 [INFO] [323/382] HAVE     The Polar Express (2004)\The Polar Express (2004).mkv — validated covering sidecar The Polar Express (2004).eng.srt
2026-09-02 20:54:03 [INFO] [324/382] HAVE     The Prestige (2006)\The Prestige (2006).mkv — validated covering sidecar The Prestige (2006).eng.srt
2026-09-02 20:54:03 [INFO] [325/382] HAVE     The Princess and the Frog (2009)\The Princess and the Frog (2009).mkv — validated covering sidecar The Princess and the Frog (2009).eng.srt
2026-09-02 20:54:03 [INFO] [326/382] HAVE     The Proposal (2009)\The Proposal (2009).mkv — validated covering sidecar The Proposal (2009).eng.srt
2026-09-02 20:54:03 [INFO] [327/382] HAVE     The Revenant (2015)\The Revenant (2015).mkv — validated covering sidecar The Revenant (2015).eng.srt
2026-09-02 20:54:03 [INFO] [328/382] HAVE     The Sandlot (1993)\The Sandlot (1993).mkv — validated covering sidecar The Sandlot (1993).eng.srt
2026-09-02 20:54:03 [INFO] [329/382] HAVE     The Shawshank Redemption (1994)\The Shawshank Redemption (1994).mkv — validated covering sidecar The Shawshank Redemption (1994).eng.srt
2026-09-02 20:54:03 [INFO] [330/382] HAVE     The Silence of the Lambs (1991)\The Silence of the Lambs (1991).mkv — validated covering sidecar The Silence of the Lambs (1991).eng.srt
2026-09-02 20:54:03 [INFO] [331/382] HAVE     The Sixth Sense (1999)\The Sixth Sense (1999).mkv — validated covering sidecar The Sixth Sense (1999).eng.srt
2026-09-02 20:54:03 [INFO] [332/382] HAVE     The Social Network (2010)\The Social Network (2010).mkv — validated covering sidecar The Social Network (2010).eng.srt
2026-09-02 20:54:03 [INFO] [333/382] HAVE     The Substance (2024)\The Substance (2024).mkv — validated covering sidecar The Substance (2024).eng.srt
2026-09-02 20:54:03 [INFO] [334/382] HAVE     The Terminator (1984)\The Terminator (1984).mkv — validated covering sidecar The Terminator (1984).eng.srt
2026-09-02 20:54:03 [INFO] [335/382] HAVE     The Theory of Everything (2014)\The Theory of Everything (2014).mkv — validated covering sidecar The Theory of Everything (2014).eng.srt
2026-09-02 20:54:03 [INFO] [336/382] HAVE     The Thing (1982)\The Thing (1982).mkv — validated covering sidecar The Thing (1982).eng.srt
2026-09-02 20:54:03 [INFO] [337/382] HAVE     The Truman Show (1998)\The Truman Show (1998).mkv — validated covering sidecar The Truman Show (1998).eng.srt
2026-09-02 20:54:03 [INFO] [338/382] HAVE     The Usual Suspects (1995)\The Usual Suspects (1995).mkv — validated covering sidecar The Usual Suspects (1995).eng.srt
2026-09-02 20:54:03 [INFO] [339/382] HAVE     The Wild Robot (2024)\The Wild Robot (2024).mkv — validated covering sidecar The Wild Robot (2024).eng.srt
2026-09-02 20:54:03 [INFO] [340/382] HAVE     The Wolf of Wall Street (2013)\The Wolf of Wall Street (2013).mkv — validated covering sidecar The Wolf of Wall Street (2013).eng.srt
2026-09-02 20:54:03 [INFO] [341/382] HAVE     There Will Be Blood (2007)\There Will Be Blood (2007).mkv — validated covering sidecar There Will Be Blood (2007).eng.srt
2026-09-02 20:54:03 [INFO] [342/382] HAVE     This Christmas (2007)\This Christmas (2007).mkv — validated covering sidecar This Christmas (2007).eng.srt
2026-09-02 20:54:03 [INFO] [343/382] HAVE     This Is the End (2013)\This Is the End (2013).mkv — validated covering sidecar This Is the End (2013).eng.srt
2026-09-02 20:54:03 [INFO] [344/382] HAVE     Thor - Ragnarok (2017)\Thor - Ragnarok (2017).mkv — validated covering sidecar Thor - Ragnarok (2017).eng.srt
2026-09-02 20:54:03 [INFO] [345/382] HAVE     Threads (1984)\Threads (1984).mkv — validated covering sidecar Threads (1984).eng.srt
2026-09-02 20:54:03 [INFO] [346/382] HAVE     Titanic (1997)\Titanic (1997).mkv — validated covering sidecar Titanic (1997).eng.srt
2026-09-02 20:54:03 [INFO] [347/382] HAVE     Top Gun (1986)\Top Gun (1986).mkv — validated covering sidecar Top Gun (1986).eng.srt
2026-09-02 20:54:03 [INFO] [348/382] HAVE     Top Gun - Maverick (2022)\Top Gun - Maverick (2022).mkv — validated covering sidecar Top Gun - Maverick (2022).eng.srt
2026-09-02 20:54:03 [INFO] [349/382] HAVE     Toy Story (1995)\Toy Story (1995).mkv — validated covering sidecar Toy Story (1995).eng.srt
2026-09-02 20:54:03 [INFO] [350/382] HAVE     Toy Story 2 (1999)\Toy Story 2 (1999).mkv — validated covering sidecar Toy Story 2 (1999).eng.srt
2026-09-02 20:54:03 [INFO] [351/382] HAVE     Toy Story 3 (2010)\Toy Story 3 (2010).mkv — validated covering sidecar Toy Story 3 (2010).eng.srt
2026-09-02 20:54:03 [INFO] [352/382] HAVE     Toy Story 4 (2019)\Toy Story 4 (2019).mkv — validated covering sidecar Toy Story 4 (2019).eng.srt
2026-09-02 20:54:03 [INFO] [353/382] HAVE     Toy Story 5 (2026)\Toy Story 5 (2026).mkv — validated covering sidecar Toy Story 5 (2026).eng.srt
2026-09-02 20:54:03 [INFO] [354/382] HAVE     Training Day (2001)\Training Day (2001).mkv — validated covering sidecar Training Day (2001).eng.srt
2026-09-02 20:54:03 [INFO] [355/382] HAVE     Transformers (2007)\Transformers (2007).mkv — validated covering sidecar Transformers (2007).eng.srt
2026-09-02 20:54:03 [INFO] [356/382] HAVE     Transformers Dark Of The Moon (2011)\Transformers Dark Of The Moon (2011).mkv — validated covering sidecar Transformers Dark Of The Moon (2011).eng.srt
2026-09-02 20:54:03 [INFO] [357/382] HAVE     Transformers Revenge of the Fallen (2009)\Transformers Revenge of the Fallen (2009).mkv — validated covering sidecar Transformers Revenge of the Fallen (2009).eng.srt
2026-09-02 20:54:03 [INFO] [358/382] HAVE     Treasure Planet (2002)\Treasure Planet (2002).mkv — validated covering sidecar Treasure Planet (2002).eng.srt
2026-09-02 20:54:03 [INFO] [359/382] HAVE     TRON - Legacy (2010)\TRON - Legacy (2010).mkv — validated covering sidecar TRON - Legacy (2010).eng.srt
2026-09-02 20:54:03 [INFO] [360/382] HAVE     Turtles Forever (2009)\Turtles Forever (2009).mkv — validated covering sidecar Turtles Forever (2009).eng.srt
2026-09-02 20:54:03 [INFO] [361/382] HAVE     Twelve Monkeys (1995)\Twelve Monkeys (1995).mkv — validated covering sidecar Twelve Monkeys (1995).eng.srt
2026-09-02 20:54:03 [INFO] [362/382] HAVE     Uncut Gems (2019)\Uncut Gems (2019).mkv — validated covering sidecar Uncut Gems (2019).eng.srt
2026-09-02 20:54:03 [INFO] [363/382] HAVE     United 93 (2006)\United 93 (2006).mkv — validated covering sidecar United 93 (2006).eng.srt
2026-09-02 20:54:03 [INFO] [364/382] HAVE     Us (2019)\Us (2019).mkv — validated covering sidecar Us (2019).eng.srt
2026-09-02 20:54:03 [INFO] [365/382] HAVE     V for Vendetta (2005)\V for Vendetta (2005).mkv — validated covering sidecar V for Vendetta (2005).eng.srt
2026-09-02 20:54:03 [INFO] [366/382] HAVE     WALL-E (2008)\WALL-E (2008).mkv — validated covering sidecar WALL-E (2008).eng.srt
2026-09-02 20:54:03 [INFO] [367/382] HAVE     Wallace & Gromit - The Curse of the Were-Rabbit (2005)\Wallace & Gromit - The Curse of the Were-Rabbit (2005).mkv — validated covering sidecar Wallace & Gromit - The Curse of the Were-Rabbit (2005).eng.srt
2026-09-02 20:54:03 [INFO] [368/382] HAVE     War Dogs (2016)\War Dogs (2016).mkv — validated covering sidecar War Dogs (2016).eng.srt
2026-09-02 20:54:03 [INFO] [369/382] HAVE     War for the Planet of the Apes (2017)\War for the Planet of the Apes (2017).mkv — validated covering sidecar War for the Planet of the Apes (2017).eng.srt
2026-09-02 20:54:03 [INFO] [370/382] HAVE     WarGames (1983)\WarGames (1983).mkv — validated covering sidecar WarGames (1983).eng.srt
2026-09-02 20:54:03 [INFO] [371/382] HAVE     Warrior (2011)\Warrior (2011).mkv — validated covering sidecar Warrior (2011).eng.srt
2026-09-02 20:54:03 [INFO] [372/382] HAVE     We're the Millers (2013)\We're the Millers (2013).mkv — validated covering sidecar We're the Millers (2013).eng.srt
2026-09-02 20:54:03 [INFO] [373/382] HAVE     Weapons (2025)\Weapons (2025).mkv — validated covering sidecar Weapons (2025).eng.srt
2026-09-02 20:54:04 [INFO] [374/382] HAVE     When Harry Met Sally (1989)\When Harry Met Sally (1989).mkv — validated covering sidecar When Harry Met Sally (1989).eng.srt
2026-09-02 20:54:04 [INFO] [375/382] HAVE     Whiplash (2014)\Whiplash (2014).mkv — validated covering sidecar Whiplash (2014).eng.srt
2026-09-02 20:54:04 [INFO] [376/382] HAVE     Willy Wonka & the Chocolate Factory (1971)\Willy Wonka & the Chocolate Factory (1971).mkv — validated covering sidecar Willy Wonka & the Chocolate Factory (1971).eng.srt
2026-09-02 20:54:04 [INFO] [377/382] HAVE     World War Z (2013)\World War Z (2013).mkv — validated covering sidecar World War Z (2013).eng.srt
2026-09-02 20:54:04 [INFO] [378/382] HAVE     Wreck-It Ralph (2012)\Wreck-It Ralph (2012).mkv — validated covering sidecar Wreck-It Ralph (2012).eng.srt
2026-09-02 20:54:04 [INFO] [379/382] HAVE     Zathura - A Space Adventure (2005)\Zathura - A Space Adventure (2005).mkv — validated covering sidecar Zathura - A Space Adventure (2005).eng.srt
2026-09-02 20:54:04 [INFO] [380/382] HAVE     Zero Dark Thirty (2012)\Zero Dark Thirty (2012).mkv — validated covering sidecar Zero Dark Thirty (2012).eng.srt
2026-09-02 20:54:04 [INFO] [381/382] HAVE     Zootopia (2016)\Zootopia (2016).mkv — validated covering sidecar Zootopia (2016).eng.srt
2026-09-02 20:54:04 [INFO] [382/382] HAVE     Zootopia 2 (2025)\Zootopia 2 (2025).mkv — validated covering sidecar Zootopia 2 (2025).eng.sdh.srt
2026-09-02 20:54:04 [INFO] Report written: E:\torrents\tools\ReportsAndLogs\subtitle_fetcher\subtitle_fetcher_report.txt
